Archive member included because of file (symbol)

c:/program files (x86)/microchip/xc32/v1.21/bin/../lib/gcc/pic32mx/4.5.2/../../../../pic32mx/lib/size\libmchp_peripheral.a(read_core_timer_lib.o)
                              Obj-XC32-PIC32_ETH_SK_ETH795\ETHPIC32ExtPhy.o (ReadCoreTimer)
c:/program files (x86)/microchip/xc32/v1.21/bin/../lib/gcc/pic32mx/4.5.2/../../../../pic32mx/lib/size\libmchp_peripheral_32MX795F512L.a(eth_ack_packet_lib.o)
                              Obj-XC32-PIC32_ETH_SK_ETH795\ETHPIC32IntMac.o (EthRxAcknowledgeBuffer)
c:/program files (x86)/microchip/xc32/v1.21/bin/../lib/gcc/pic32mx/4.5.2/../../../../pic32mx/lib/size\libmchp_peripheral_32MX795F512L.a(eth_descriptors_add_lib.o)
                              Obj-XC32-PIC32_ETH_SK_ETH795\ETHPIC32IntMac.o (EthDescriptorsPoolAdd)
c:/program files (x86)/microchip/xc32/v1.21/bin/../lib/gcc/pic32mx/4.5.2/../../../../pic32mx/lib/size\libmchp_peripheral_32MX795F512L.a(eth_init_lib.o)
                              Obj-XC32-PIC32_ETH_SK_ETH795\ETHPIC32IntMac.o (EthInit)
c:/program files (x86)/microchip/xc32/v1.21/bin/../lib/gcc/pic32mx/4.5.2/../../../../pic32mx/lib/size\libmchp_peripheral_32MX795F512L.a(eth_mac_open_lib.o)
                              Obj-XC32-PIC32_ETH_SK_ETH795\ETHPIC32IntMac.o (EthMACOpen)
c:/program files (x86)/microchip/xc32/v1.21/bin/../lib/gcc/pic32mx/4.5.2/../../../../pic32mx/lib/size\libmchp_peripheral_32MX795F512L.a(eth_mac_set_address_max_lib.o)
                              Obj-XC32-PIC32_ETH_SK_ETH795\ETHPIC32IntMac.o (EthMACSetAddress)
c:/program files (x86)/microchip/xc32/v1.21/bin/../lib/gcc/pic32mx/4.5.2/../../../../pic32mx/lib/size\libmchp_peripheral_32MX795F512L.a(eth_rx_buffers_append_lib.o)
                              Obj-XC32-PIC32_ETH_SK_ETH795\ETHPIC32IntMac.o (EthRxBuffersAppend)
c:/program files (x86)/microchip/xc32/v1.21/bin/../lib/gcc/pic32mx/4.5.2/../../../../pic32mx/lib/size\libmchp_peripheral_32MX795F512L.a(eth_rx_filters_lib.o)
                              Obj-XC32-PIC32_ETH_SK_ETH795\ETHPIC32IntMac.o (EthRxFiltersSet)
c:/program files (x86)/microchip/xc32/v1.21/bin/../lib/gcc/pic32mx/4.5.2/../../../../pic32mx/lib/size\libmchp_peripheral_32MX795F512L.a(eth_rx_get_packet_lib.o)
                              Obj-XC32-PIC32_ETH_SK_ETH795\ETHPIC32IntMac.o (EthRxGetBuffer)
c:/program files (x86)/microchip/xc32/v1.21/bin/../lib/gcc/pic32mx/4.5.2/../../../../pic32mx/lib/size\libmchp_peripheral_32MX795F512L.a(eth_rx_set_buffer_size_lib.o)
                              Obj-XC32-PIC32_ETH_SK_ETH795\ETHPIC32IntMac.o (EthRxSetBufferSize)
c:/program files (x86)/microchip/xc32/v1.21/bin/../lib/gcc/pic32mx/4.5.2/../../../../pic32mx/lib/size\libmchp_peripheral_32MX795F512L.a(eth_tx_packet_lib.o)
                              Obj-XC32-PIC32_ETH_SK_ETH795\ETHPIC32IntMac.o (EthTxSendBuffer)
c:/program files (x86)/microchip/xc32/v1.21/bin/../lib/gcc/pic32mx/4.5.2/../../../../pic32mx/lib/size\libmchp_peripheral_32MX795F512L.a(_eth_append_busy_list_lib.o)
                              c:/program files (x86)/microchip/xc32/v1.21/bin/../lib/gcc/pic32mx/4.5.2/../../../../pic32mx/lib/size\libmchp_peripheral_32MX795F512L.a(eth_ack_packet_lib.o) (_EthAppendBusyList)
c:/program files (x86)/microchip/xc32/v1.21/bin/../lib/gcc/pic32mx/4.5.2/../../../../pic32mx/lib/size\libmchp_peripheral_32MX795F512L.a(eth_miim_access.o)
                              Obj-XC32-PIC32_ETH_SK_ETH795\ETHPIC32ExtPhy.o (EthMIIMReadStart)
c:/program files (x86)/microchip/xc32/v1.21/bin/../lib/gcc/pic32mx/4.5.2/../../../../pic32mx/lib/size\libmchp_peripheral_32MX795F512L.a(pcache.o)
                              Obj-XC32-PIC32_ETH_SK_ETH795\MainDemo.o (CheKseg0CacheOn)
c:/program files (x86)/microchip/xc32/v1.21/bin/../lib/gcc/pic32mx/4.5.2/../../../../pic32mx/lib/size\libmchp_peripheral_32MX795F512L.a(int_disable_interrupts_lib.o)
                              Obj-XC32-PIC32_ETH_SK_ETH795\MainDemo.o (INTDisableInterrupts)
c:/program files (x86)/microchip/xc32/v1.21/bin/../lib/gcc/pic32mx/4.5.2/../../../../pic32mx/lib/size\libmchp_peripheral_32MX795F512L.a(int_restore_interrupts_lib.o)
                              Obj-XC32-PIC32_ETH_SK_ETH795\MainDemo.o (INTRestoreInterrupts)
c:/program files (x86)/microchip/xc32/v1.21/bin/../lib/gcc/pic32mx/4.5.2/../../../../pic32mx/lib/size\libmchp_peripheral_32MX795F512L.a(int_enable_mv_int_lib.o)
                              Obj-XC32-PIC32_ETH_SK_ETH795\MainDemo.o (INTEnableSystemMultiVectoredInt)
c:/program files (x86)/microchip/xc32/v1.21/bin/../lib/gcc/pic32mx/4.5.2/../../../../pic32mx/lib/size\libmchp_peripheral_32MX795F512L.a(int_tbl_lib.o)
                              c:/program files (x86)/microchip/xc32/v1.21/bin/../lib/gcc/pic32mx/4.5.2/../../../../pic32mx/lib/size\libmchp_peripheral_32MX795F512L.a(eth_init_lib.o) (INTClearFlag)
c:/program files (x86)/microchip/xc32/v1.21/bin/../lib/gcc/pic32mx/4.5.2/../../../../pic32mx/lib/size\libmchp_peripheral_32MX795F512L.a(port_set_pins_digital_in_lib.o)
[...]
Memory Configuration

Name             Origin             Length             Attributes
kseg0_program_mem 0x9d000000         0x00080000         xr
kseg0_boot_mem   0x9fc00490         0x00000970
exception_mem    0x9fc01000         0x00001000
kseg1_boot_mem   0xbfc00000         0x00000490
debug_exec_mem   0xbfc02000         0x00000ff0
config3          0xbfc02ff0         0x00000004
config2          0xbfc02ff4         0x00000004
config1          0xbfc02ff8         0x00000004
config0          0xbfc02ffc         0x00000004
kseg1_data_mem   0xa0000000         0x00020000         w !x
sfrs             0xbf800000         0x00100000
configsfrs       0xbfc02ff0         0x00000010
*default*        0x00000000         0xffffffff

Linker script and memory map

LOAD c:/program files (x86)/microchip/xc32/v1.21/bin/../lib/gcc/pic32mx/4.5.2/../../../../pic32mx/lib/size/crt0.o
                0x00000001                _DEBUGGER = 0x1
LOAD Obj-XC32-PIC32_ETH_SK_ETH795\Announce.o
LOAD Obj-XC32-PIC32_ETH_SK_ETH795\ARCFOUR.o
LOAD Obj-XC32-PIC32_ETH_SK_ETH795\ARP.o
LOAD Obj-XC32-PIC32_ETH_SK_ETH795\AutoIP.o
LOAD Obj-XC32-PIC32_ETH_SK_ETH795\BerkeleyAPI.o
LOAD Obj-XC32-PIC32_ETH_SK_ETH795\BigInt.o
LOAD Obj-XC32-PIC32_ETH_SK_ETH795\Delay.o
LOAD Obj-XC32-PIC32_ETH_SK_ETH795\DHCP.o
LOAD Obj-XC32-PIC32_ETH_SK_ETH795\DHCPs.o
LOAD Obj-XC32-PIC32_ETH_SK_ETH795\DNS.o
LOAD Obj-XC32-PIC32_ETH_SK_ETH795\DNSs.o
LOAD Obj-XC32-PIC32_ETH_SK_ETH795\DynDNS.o
LOAD Obj-XC32-PIC32_ETH_SK_ETH795\ENC28J60.o
LOAD Obj-XC32-PIC32_ETH_SK_ETH795\ENCX24J600.o
LOAD Obj-XC32-PIC32_ETH_SK_ETH795\ETHPIC32ExtPhy.o
LOAD Obj-XC32-PIC32_ETH_SK_ETH795\ETHPIC32IntMac.o
LOAD Obj-XC32-PIC32_ETH_SK_ETH795\FileSystem.o
LOAD Obj-XC32-PIC32_ETH_SK_ETH795\FTP.o
LOAD Obj-XC32-PIC32_ETH_SK_ETH795\Hashes.o
LOAD Obj-XC32-PIC32_ETH_SK_ETH795\Helpers.o
LOAD Obj-XC32-PIC32_ETH_SK_ETH795\HTTP2.o
LOAD Obj-XC32-PIC32_ETH_SK_ETH795\ICMP.o
LOAD Obj-XC32-PIC32_ETH_SK_ETH795\IP.o
LOAD Obj-XC32-PIC32_ETH_SK_ETH795\LCDBlocking.o
LOAD Obj-XC32-PIC32_ETH_SK_ETH795\MPFS2.o
LOAD Obj-XC32-PIC32_ETH_SK_ETH795\NBNS.o
LOAD Obj-XC32-PIC32_ETH_SK_ETH795\Random.o
LOAD Obj-XC32-PIC32_ETH_SK_ETH795\Reboot.o
LOAD Obj-XC32-PIC32_ETH_SK_ETH795\RSA.o
LOAD Obj-XC32-PIC32_ETH_SK_ETH795\SMTP.o
LOAD Obj-XC32-PIC32_ETH_SK_ETH795\SNMP.o
LOAD Obj-XC32-PIC32_ETH_SK_ETH795\SNMPv3.o
LOAD Obj-XC32-PIC32_ETH_SK_ETH795\SNMPv3USM.o
LOAD Obj-XC32-PIC32_ETH_SK_ETH795\SNTP.o
LOAD Obj-XC32-PIC32_ETH_SK_ETH795\SPIEEPROM.o
LOAD Obj-XC32-PIC32_ETH_SK_ETH795\SPIFlash.o
LOAD Obj-XC32-PIC32_ETH_SK_ETH795\SPIRAM.o
LOAD Obj-XC32-PIC32_ETH_SK_ETH795\SSL.o
LOAD Obj-XC32-PIC32_ETH_SK_ETH795\StackTsk.o
LOAD Obj-XC32-PIC32_ETH_SK_ETH795\TCP.o
LOAD Obj-XC32-PIC32_ETH_SK_ETH795\TCPPerformanceTest.o
LOAD Obj-XC32-PIC32_ETH_SK_ETH795\Telnet.o
LOAD Obj-XC32-PIC32_ETH_SK_ETH795\TFTPc.o
LOAD Obj-XC32-PIC32_ETH_SK_ETH795\Tick.o
LOAD Obj-XC32-PIC32_ETH_SK_ETH795\UART2TCPBridge.o
LOAD Obj-XC32-PIC32_ETH_SK_ETH795\UART.o
LOAD Obj-XC32-PIC32_ETH_SK_ETH795\UDP.o
LOAD Obj-XC32-PIC32_ETH_SK_ETH795\UDPPerformanceTest.o
LOAD Obj-XC32-PIC32_ETH_SK_ETH795\ZeroconfHelper.o
LOAD Obj-XC32-PIC32_ETH_SK_ETH795\ZeroconfLinkLocal.o
LOAD Obj-XC32-PIC32_ETH_SK_ETH795\ZeroconfMulticastDNS.o
LOAD Obj-XC32-PIC32_ETH_SK_ETH795\CustomHTTPApp.o
LOAD Obj-XC32-PIC32_ETH_SK_ETH795\CustomSNMPApp.o
LOAD Obj-XC32-PIC32_ETH_SK_ETH795\CustomSSLCert.o
LOAD Obj-XC32-PIC32_ETH_SK_ETH795\MainDemo.o
LOAD Obj-XC32-PIC32_ETH_SK_ETH795\BerkeleyTCPClientDemo.o
LOAD Obj-XC32-PIC32_ETH_SK_ETH795\BerkeleyTCPServerDemo.o
LOAD Obj-XC32-PIC32_ETH_SK_ETH795\BerkeleyUDPClientDemo.o
LOAD Obj-XC32-PIC32_ETH_SK_ETH795\GenericTCPClient.o
LOAD Obj-XC32-PIC32_ETH_SK_ETH795\GenericTCPServer.o
LOAD Obj-XC32-PIC32_ETH_SK_ETH795\PingDemo.o
LOAD Obj-XC32-PIC32_ETH_SK_ETH795\SMTPDemo.o
LOAD Obj-XC32-PIC32_ETH_SK_ETH795\UARTConfig.o
LOAD Obj-XC32-PIC32_ETH_SK_ETH795\MPFSImg2.o
LOAD Obj-XC32-PIC32_ETH_SK_ETH795\BigInt_helper_PIC32.o
LOAD Obj-XC32-PIC32_ETH_SK_ETH795\ETHPIC32ExtPhySMSC8720.o
LOAD Obj-XC32-PIC32_ETH_SK_ETH795\LEDTCPServer.o
                0x00000001                __MPLAB_BUILD = 0x1
                0x00000001                __MPLAB_DEBUG = 0x1
                0x00000001                __MPLAB_DEBUGGER_PK3 = 0x1
                0x00000001                __ICD2RAM = 0x1
                0x00003e80                _min_heap_size = 0x3e80
                0x00000800                _min_stack_size = 0x800
LOAD c:/program files (x86)/microchip/xc32/v1.21/bin/../lib/gcc/pic32mx/4.5.2/../../../../pic32mx/lib/./proc/32MX795F512L\default_isr_vectors.o
                0x00000400                PROVIDE (_min_stack_size, 0x400)
LOAD c:/program files (x86)/microchip/xc32/v1.21/bin/../lib/gcc/pic32mx/4.5.2/../../../../pic32mx/lib/./proc/32MX795F512L\processor.o
START GROUP
LOAD c:/program files (x86)/microchip/xc32/v1.21/bin/../lib/gcc/pic32mx/4.5.2/../../../../pic32mx/lib/size\libmchp_peripheral.a
END GROUP
START GROUP
LOAD c:/program files (x86)/microchip/xc32/v1.21/bin/../lib/gcc/pic32mx/4.5.2/../../../../pic32mx/lib/size\libmchp_peripheral_32MX795F512L.a
END GROUP
                0x00000001                PROVIDE (_vector_spacing, 0x1)
                0x9fc01000                _ebase_address = 0x9fc01000
                0xbfc00000                _RESET_ADDR = 0xbfc00000
                0xbfc00380                _BEV_EXCPT_ADDR = 0xbfc00380
                0xbfc00480                _DBG_EXCPT_ADDR = 0xbfc00480
                0xbfc02000                _DBG_CODE_ADDR = 0xbfc02000
                0x00000ff0                _DBG_CODE_SIZE = 0xff0
                0x9fc01180                _GEN_EXCPT_ADDR = (_ebase_address + 0x180)

.config_BFC02FF0
                0xbfc02ff0        0x4
 *(.config_BFC02FF0)
 .config_BFC02FF0
                0xbfc02ff0        0x4 Obj-XC32-PIC32_ETH_SK_ETH795\MainDemo.o

.config_BFC02FF4
                0xbfc02ff4        0x4
 *(.config_BFC02FF4)
 .config_BFC02FF4
                0xbfc02ff4        0x4 Obj-XC32-PIC32_ETH_SK_ETH795\MainDemo.o

.config_BFC02FF8
                0xbfc02ff8        0x4
 *(.config_BFC02FF8)
 .config_BFC02FF8
                0xbfc02ff8        0x4 Obj-XC32-PIC32_ETH_SK_ETH795\MainDemo.o

.config_BFC02FFC
                0xbfc02ffc        0x4
 *(.config_BFC02FFC)
 .config_BFC02FFC
                0xbfc02ffc        0x4 Obj-XC32-PIC32_ETH_SK_ETH795\MainDemo.o
                0xbfc02000                PROVIDE (_DBG_CODE_ADDR, 0xbfc02000)
                0x00000ff0                PROVIDE (_DBG_CODE_SIZE, 0xff0)

.reset          0xbfc00000      0x1f4
 *(.reset)
 .reset         0xbfc00000       0x10 c:/program files (x86)/microchip/xc32/v1.21/bin/../lib/gcc/pic32mx/4.5.2/../../../../pic32mx/lib/size/crt0.o
                0xbfc00000                _reset
 *(.reset.startup)
 .reset.startup
                0xbfc00010      0x1e4 c:/program files (x86)/microchip/xc32/v1.21/bin/../lib/gcc/pic32mx/4.5.2/../../../../pic32mx/lib/size/crt0.o

.bev_excpt      0xbfc00380       0x10
 *(.bev_handler)
 .bev_handler   0xbfc00380       0x10 c:/program files (x86)/microchip/xc32/v1.21/bin/../lib/gcc/pic32mx/4.5.2/../../../../pic32mx/lib/size/crt0.o

.dbg_excpt      0xbfc00480        0x8
                0xbfc00480                . = (. + DEFINED (_DEBUGGER)?0x8:0x0)
 *fill*         0xbfc00480        0x8 00

.dbg_code       0xbfc02000      0xff0
                0xbfc02000                . = (. + DEFINED (_DEBUGGER)?_DBG_CODE_SIZE:0x0)
 *fill*         0xbfc02000      0xff0 00

.app_excpt      0x9fc01180       0x10
 *(.gen_handler)
 .gen_handler   0x9fc01180       0x10 c:/program files (x86)/microchip/xc32/v1.21/bin/../lib/gcc/pic32mx/4.5.2/../../../../pic32mx/lib/size/crt0.o

.vector_0       0x9fc01200        0x8
 *(.vector_0)
 .vector_0      0x9fc01200        0x8 c:/program files (x86)/microchip/xc32/v1.21/bin/../lib/gcc/pic32mx/4.5.2/../../../../pic32mx/lib/size\libpic32.a(vector0.o)
                0x9fc01200                __vector_dispatch_0
                0x00000001                ASSERT (((_vector_spacing == 0x0) || (SIZEOF (.vector_0) <= (_vector_spacing << 0x5))), function at exception vector 0 too large)

.vector_1       0x9fc01220        0x8
 *(.vector_1)
 .vector_1      0x9fc01220        0x8 c:/program files (x86)/microchip/xc32/v1.21/bin/../lib/gcc/pic32mx/4.5.2/../../../../pic32mx/lib/size\libpic32.a(vector1.o)
                0x9fc01220                __vector_dispatch_1
                0x00000001                ASSERT (((_vector_spacing == 0x0) || (SIZEOF (.vector_1) <= (_vector_spacing << 0x5))), function at exception vector 1 too large)

.vector_2       0x9fc01240        0x8
 *(.vector_2)
 .vector_2      0x9fc01240        0x8 c:/program files (x86)/microchip/xc32/v1.21/bin/../lib/gcc/pic32mx/4.5.2/../../../../pic32mx/lib/size\libpic32.a(vector2.o)
                0x9fc01240                __vector_dispatch_2
                0x00000001                ASSERT (((_vector_spacing == 0x0) || (SIZEOF (.vector_2) <= (_vector_spacing << 0x5))), function at exception vector 2 too large)

.vector_3       0x9fc01260        0x8
 *(.vector_3)
 .vector_3      0x9fc01260        0x8 c:/program files (x86)/microchip/xc32/v1.21/bin/../lib/gcc/pic32mx/4.5.2/../../../../pic32mx/lib/size\libpic32.a(vector3.o)
                0x9fc01260                __vector_dispatch_3
                0x00000001                ASSERT (((_vector_spacing == 0x0) || (SIZEOF (.vector_3) <= (_vector_spacing << 0x5))), function at exception vector 3 too large)

.vector_4       0x9fc01280        0x8
 *(.vector_4)
 .vector_4      0x9fc01280        0x8 Obj-XC32-PIC32_ETH_SK_ETH795\Tick.o
                0x9fc01280                __vector_dispatch_4
                0x00000001                ASSERT (((_vector_spacing == 0x0) || (SIZEOF (.vector_4) <= (_vector_spacing << 0x5))), function at exception vector 4 too large)

.vector_5       0x9fc012a0        0x8
 *(.vector_5)
 .vector_5      0x9fc012a0        0x8 c:/program files (x86)/microchip/xc32/v1.21/bin/../lib/gcc/pic32mx/4.5.2/../../../../pic32mx/lib/size\libpic32.a(vector5.o)
                0x9fc012a0                __vector_dispatch_5
                0x00000001                ASSERT (((_vector_spacing == 0x0) || (SIZEOF (.vector_5) <= (_vector_spacing << 0x5))), function at exception vector 5 too large)

.vector_6       0x9fc012c0        0x8
 *(.vector_6)
 .vector_6      0x9fc012c0        0x8 c:/program files (x86)/microchip/xc32/v1.21/bin/../lib/gcc/pic32mx/4.5.2/../../../../pic32mx/lib/size\libpic32.a(vector6.o)
                0x9fc012c0                __vector_dispatch_6
                0x00000001                ASSERT (((_vector_spacing == 0x0) || (SIZEOF (.vector_6) <= (_vector_spacing << 0x5))), function at exception vector 6 too large)

.vector_7       0x9fc012e0        0x8
 *(.vector_7)
 .vector_7      0x9fc012e0        0x8 c:/program files (x86)/microchip/xc32/v1.21/bin/../lib/gcc/pic32mx/4.5.2/../../../../pic32mx/lib/size\libpic32.a(vector7.o)
                0x9fc012e0                __vector_dispatch_7
                0x00000001                ASSERT (((_vector_spacing == 0x0) || (SIZEOF (.vector_7) <= (_vector_spacing << 0x5))), function at exception vector 7 too large)

.vector_8       0x9fc01300        0x8
 *(.vector_8)
 .vector_8      0x9fc01300        0x8 c:/program files (x86)/microchip/xc32/v1.21/bin/../lib/gcc/pic32mx/4.5.2/../../../../pic32mx/lib/size\libpic32.a(vector8.o)
                0x9fc01300                __vector_dispatch_8
                0x00000001                ASSERT (((_vector_spacing == 0x0) || (SIZEOF (.vector_8) <= (_vector_spacing << 0x5))), function at exception vector 8 too large)

.vector_9       0x9fc01320        0x8
 *(.vector_9)
 .vector_9      0x9fc01320        0x8 c:/program files (x86)/microchip/xc32/v1.21/bin/../lib/gcc/pic32mx/4.5.2/../../../../pic32mx/lib/size\libpic32.a(vector9.o)
                0x9fc01320                __vector_dispatch_9
                0x00000001                ASSERT (((_vector_spacing == 0x0) || (SIZEOF (.vector_9) <= (_vector_spacing << 0x5))), function at exception vector 9 too large)

.vector_10      0x9fc01340        0x8
 *(.vector_10)
 .vector_10     0x9fc01340        0x8 c:/program files (x86)/microchip/xc32/v1.21/bin/../lib/gcc/pic32mx/4.5.2/../../../../pic32mx/lib/size\libpic32.a(vector10.o)
                0x9fc01340                __vector_dispatch_10
                0x00000001                ASSERT (((_vector_spacing == 0x0) || (SIZEOF (.vector_10) <= (_vector_spacing << 0x5))), function at exception vector 10 too large)

.vector_11      0x9fc01360        0x8
 *(.vector_11)
 .vector_11     0x9fc01360        0x8 c:/program files (x86)/microchip/xc32/v1.21/bin/../lib/gcc/pic32mx/4.5.2/../../../../pic32mx/lib/size\libpic32.a(vector11.o)
                0x9fc01360                __vector_dispatch_11
                0x00000001                ASSERT (((_vector_spacing == 0x0) || (SIZEOF (.vector_11) <= (_vector_spacing << 0x5))), function at exception vector 11 too large)

.vector_12      0x9fc01380        0x8
 *(.vector_12)
 .vector_12     0x9fc01380        0x8 c:/program files (x86)/microchip/xc32/v1.21/bin/../lib/gcc/pic32mx/4.5.2/../../../../pic32mx/lib/size\libpic32.a(vector12.o)
                0x9fc01380                __vector_dispatch_12
                0x00000001                ASSERT (((_vector_spacing == 0x0) || (SIZEOF (.vector_12) <= (_vector_spacing << 0x5))), function at exception vector 12 too large)

.vector_13      0x9fc013a0        0x8
 *(.vector_13)
 .vector_13     0x9fc013a0        0x8 c:/program files (x86)/microchip/xc32/v1.21/bin/../lib/gcc/pic32mx/4.5.2/../../../../pic32mx/lib/size\libpic32.a(vector13.o)
                0x9fc013a0                __vector_dispatch_13
                0x00000001                ASSERT (((_vector_spacing == 0x0) || (SIZEOF (.vector_13) <= (_vector_spacing << 0x5))), function at exception vector 13 too large)

.vector_14      0x9fc013c0        0x8
 *(.vector_14)
 .vector_14     0x9fc013c0        0x8 c:/program files (x86)/microchip/xc32/v1.21/bin/../lib/gcc/pic32mx/4.5.2/../../../../pic32mx/lib/size\libpic32.a(vector14.o)
                0x9fc013c0                __vector_dispatch_14
                0x00000001                ASSERT (((_vector_spacing == 0x0) || (SIZEOF (.vector_14) <= (_vector_spacing << 0x5))), function at exception vector 14 too large)

.vector_15      0x9fc013e0        0x8
 *(.vector_15)
 .vector_15     0x9fc013e0        0x8 c:/program files (x86)/microchip/xc32/v1.21/bin/../lib/gcc/pic32mx/4.5.2/../../../../pic32mx/lib/size\libpic32.a(vector15.o)
                0x9fc013e0                __vector_dispatch_15
                0x00000001                ASSERT (((_vector_spacing == 0x0) || (SIZEOF (.vector_15) <= (_vector_spacing << 0x5))), function at exception vector 15 too large)

.vector_16      0x9fc01400        0x8
 *(.vector_16)
 .vector_16     0x9fc01400        0x8 c:/program files (x86)/microchip/xc32/v1.21/bin/../lib/gcc/pic32mx/4.5.2/../../../../pic32mx/lib/size\libpic32.a(vector16.o)
                0x9fc01400                __vector_dispatch_16
                0x00000001                ASSERT (((_vector_spacing == 0x0) || (SIZEOF (.vector_16) <= (_vector_spacing << 0x5))), function at exception vector 16 too large)

.vector_17      0x9fc01420        0x8
 *(.vector_17)
 .vector_17     0x9fc01420        0x8 c:/program files (x86)/microchip/xc32/v1.21/bin/../lib/gcc/pic32mx/4.5.2/../../../../pic32mx/lib/size\libpic32.a(vector17.o)
                0x9fc01420                __vector_dispatch_17
                0x00000001                ASSERT (((_vector_spacing == 0x0) || (SIZEOF (.vector_17) <= (_vector_spacing << 0x5))), function at exception vector 17 too large)

.vector_18      0x9fc01440        0x8
 *(.vector_18)
 .vector_18     0x9fc01440        0x8 c:/program files (x86)/microchip/xc32/v1.21/bin/../lib/gcc/pic32mx/4.5.2/../../../../pic32mx/lib/size\libpic32.a(vector18.o)
                0x9fc01440                __vector_dispatch_18
                0x00000001                ASSERT (((_vector_spacing == 0x0) || (SIZEOF (.vector_18) <= (_vector_spacing << 0x5))), function at exception vector 18 too large)

.vector_19      0x9fc01460        0x8
 *(.vector_19)
 .vector_19     0x9fc01460        0x8 c:/program files (x86)/microchip/xc32/v1.21/bin/../lib/gcc/pic32mx/4.5.2/../../../../pic32mx/lib/size\libpic32.a(vector19.o)
                0x9fc01460                __vector_dispatch_19
                0x00000001                ASSERT (((_vector_spacing == 0x0) || (SIZEOF (.vector_19) <= (_vector_spacing << 0x5))), function at exception vector 19 too large)

.vector_20      0x9fc01480        0x8
 *(.vector_20)
 .vector_20     0x9fc01480        0x8 c:/program files (x86)/microchip/xc32/v1.21/bin/../lib/gcc/pic32mx/4.5.2/../../../../pic32mx/lib/size\libpic32.a(vector20.o)
                0x9fc01480                __vector_dispatch_20
                0x00000001                ASSERT (((_vector_spacing == 0x0) || (SIZEOF (.vector_20) <= (_vector_spacing << 0x5))), function at exception vector 20 too large)

.vector_21      0x9fc014a0        0x8
 *(.vector_21)
 .vector_21     0x9fc014a0        0x8 c:/program files (x86)/microchip/xc32/v1.21/bin/../lib/gcc/pic32mx/4.5.2/../../../../pic32mx/lib/size\libpic32.a(vector21.o)
                0x9fc014a0                __vector_dispatch_21
                0x00000001                ASSERT (((_vector_spacing == 0x0) || (SIZEOF (.vector_21) <= (_vector_spacing << 0x5))), function at exception vector 21 too large)

.vector_22      0x9fc014c0        0x8
 *(.vector_22)
 .vector_22     0x9fc014c0        0x8 c:/program files (x86)/microchip/xc32/v1.21/bin/../lib/gcc/pic32mx/4.5.2/../../../../pic32mx/lib/size\libpic32.a(vector22.o)
                0x9fc014c0                __vector_dispatch_22
                0x00000001                ASSERT (((_vector_spacing == 0x0) || (SIZEOF (.vector_22) <= (_vector_spacing << 0x5))), function at exception vector 22 too large)

.vector_23      0x9fc014e0        0x8
 *(.vector_23)
 .vector_23     0x9fc014e0        0x8 c:/program files (x86)/microchip/xc32/v1.21/bin/../lib/gcc/pic32mx/4.5.2/../../../../pic32mx/lib/size\libpic32.a(vector23.o)
                0x9fc014e0                __vector_dispatch_23
                0x00000001                ASSERT (((_vector_spacing == 0x0) || (SIZEOF (.vector_23) <= (_vector_spacing << 0x5))), function at exception vector 23 too large)

.vector_24      0x9fc01500        0x8
 *(.vector_24)
 .vector_24     0x9fc01500        0x8 c:/program files (x86)/microchip/xc32/v1.21/bin/../lib/gcc/pic32mx/4.5.2/../../../../pic32mx/lib/size\libpic32.a(vector24.o)
                0x9fc01500                __vector_dispatch_24
                0x00000001                ASSERT (((_vector_spacing == 0x0) || (SIZEOF (.vector_24) <= (_vector_spacing << 0x5))), function at exception vector 24 too large)

.vector_25      0x9fc01520        0x8
 *(.vector_25)
 .vector_25     0x9fc01520        0x8 c:/program files (x86)/microchip/xc32/v1.21/bin/../lib/gcc/pic32mx/4.5.2/../../../../pic32mx/lib/size\libpic32.a(vector25.o)
                0x9fc01520                __vector_dispatch_25
                0x00000001                ASSERT (((_vector_spacing == 0x0) || (SIZEOF (.vector_25) <= (_vector_spacing << 0x5))), function at exception vector 25 too large)

.vector_26      0x9fc01540        0x8
 *(.vector_26)
 .vector_26     0x9fc01540        0x8 c:/program files (x86)/microchip/xc32/v1.21/bin/../lib/gcc/pic32mx/4.5.2/../../../../pic32mx/lib/size\libpic32.a(vector26.o)
                0x9fc01540                __vector_dispatch_26
                0x00000001                ASSERT (((_vector_spacing == 0x0) || (SIZEOF (.vector_26) <= (_vector_spacing << 0x5))), function at exception vector 26 too large)

.vector_27      0x9fc01560        0x8
 *(.vector_27)
 .vector_27     0x9fc01560        0x8 c:/program files (x86)/microchip/xc32/v1.21/bin/../lib/gcc/pic32mx/4.5.2/../../../../pic32mx/lib/size\libpic32.a(vector27.o)
                0x9fc01560                __vector_dispatch_27
                0x00000001                ASSERT (((_vector_spacing == 0x0) || (SIZEOF (.vector_27) <= (_vector_spacing << 0x5))), function at exception vector 27 too large)

.vector_28      0x9fc01580        0x8
 *(.vector_28)
 .vector_28     0x9fc01580        0x8 c:/program files (x86)/microchip/xc32/v1.21/bin/../lib/gcc/pic32mx/4.5.2/../../../../pic32mx/lib/size\libpic32.a(vector28.o)
                0x9fc01580                __vector_dispatch_28
                0x00000001                ASSERT (((_vector_spacing == 0x0) || (SIZEOF (.vector_28) <= (_vector_spacing << 0x5))), function at exception vector 28 too large)

.vector_29      0x9fc015a0        0x8
 *(.vector_29)
 .vector_29     0x9fc015a0        0x8 c:/program files (x86)/microchip/xc32/v1.21/bin/../lib/gcc/pic32mx/4.5.2/../../../../pic32mx/lib/size\libpic32.a(vector29.o)
                0x9fc015a0                __vector_dispatch_29
                0x00000001                ASSERT (((_vector_spacing == 0x0) || (SIZEOF (.vector_29) <= (_vector_spacing << 0x5))), function at exception vector 29 too large)

.vector_30      0x9fc015c0        0x8
 *(.vector_30)
 .vector_30     0x9fc015c0        0x8 c:/program files (x86)/microchip/xc32/v1.21/bin/../lib/gcc/pic32mx/4.5.2/../../../../pic32mx/lib/size\libpic32.a(vector30.o)
                0x9fc015c0                __vector_dispatch_30
                0x00000001                ASSERT (((_vector_spacing == 0x0) || (SIZEOF (.vector_30) <= (_vector_spacing << 0x5))), function at exception vector 30 too large)

.vector_31      0x9fc015e0        0x8
 *(.vector_31)
 .vector_31     0x9fc015e0        0x8 c:/program files (x86)/microchip/xc32/v1.21/bin/../lib/gcc/pic32mx/4.5.2/../../../../pic32mx/lib/size\libpic32.a(vector31.o)
                0x9fc015e0                __vector_dispatch_31
                0x00000001                ASSERT (((_vector_spacing == 0x0) || (SIZEOF (.vector_31) <= (_vector_spacing << 0x5))), function at exception vector 31 too large)

.vector_32      0x9fc01600        0x8
 *(.vector_32)
 .vector_32     0x9fc01600        0x8 c:/program files (x86)/microchip/xc32/v1.21/bin/../lib/gcc/pic32mx/4.5.2/../../../../pic32mx/lib/size\libpic32.a(vector32.o)
                0x9fc01600                __vector_dispatch_32
                0x00000001                ASSERT (((_vector_spacing == 0x0) || (SIZEOF (.vector_32) <= (_vector_spacing << 0x5))), function at exception vector 32 too large)

.vector_33      0x9fc01620        0x8
 *(.vector_33)
 .vector_33     0x9fc01620        0x8 c:/program files (x86)/microchip/xc32/v1.21/bin/../lib/gcc/pic32mx/4.5.2/../../../../pic32mx/lib/size\libpic32.a(vector33.o)
                0x9fc01620                __vector_dispatch_33
                0x00000001                ASSERT (((_vector_spacing == 0x0) || (SIZEOF (.vector_33) <= (_vector_spacing << 0x5))), function at exception vector 33 too large)

.vector_34      0x9fc01640        0x8
 *(.vector_34)
 .vector_34     0x9fc01640        0x8 c:/program files (x86)/microchip/xc32/v1.21/bin/../lib/gcc/pic32mx/4.5.2/../../../../pic32mx/lib/size\libpic32.a(vector34.o)
                0x9fc01640                __vector_dispatch_34
                0x00000001                ASSERT (((_vector_spacing == 0x0) || (SIZEOF (.vector_34) <= (_vector_spacing << 0x5))), function at exception vector 34 too large)

.vector_35      0x9fc01660        0x8
 *(.vector_35)
 .vector_35     0x9fc01660        0x8 c:/program files (x86)/microchip/xc32/v1.21/bin/../lib/gcc/pic32mx/4.5.2/../../../../pic32mx/lib/size\libpic32.a(vector35.o)
                0x9fc01660                __vector_dispatch_35
                0x00000001                ASSERT (((_vector_spacing == 0x0) || (SIZEOF (.vector_35) <= (_vector_spacing << 0x5))), function at exception vector 35 too large)

.vector_36      0x9fc01680        0x8
 *(.vector_36)
 .vector_36     0x9fc01680        0x8 c:/program files (x86)/microchip/xc32/v1.21/bin/../lib/gcc/pic32mx/4.5.2/../../../../pic32mx/lib/size\libpic32.a(vector36.o)
                0x9fc01680                __vector_dispatch_36
                0x00000001                ASSERT (((_vector_spacing == 0x0) || (SIZEOF (.vector_36) <= (_vector_spacing << 0x5))), function at exception vector 36 too large)

.vector_37      0x9fc016a0        0x8
 *(.vector_37)
 .vector_37     0x9fc016a0        0x8 c:/program files (x86)/microchip/xc32/v1.21/bin/../lib/gcc/pic32mx/4.5.2/../../../../pic32mx/lib/size\libpic32.a(vector37.o)
                0x9fc016a0                __vector_dispatch_37
                0x00000001                ASSERT (((_vector_spacing == 0x0) || (SIZEOF (.vector_37) <= (_vector_spacing << 0x5))), function at exception vector 37 too large)

.vector_38      0x9fc016c0        0x8
 *(.vector_38)
 .vector_38     0x9fc016c0        0x8 c:/program files (x86)/microchip/xc32/v1.21/bin/../lib/gcc/pic32mx/4.5.2/../../../../pic32mx/lib/size\libpic32.a(vector38.o)
                0x9fc016c0                __vector_dispatch_38
                0x00000001                ASSERT (((_vector_spacing == 0x0) || (SIZEOF (.vector_38) <= (_vector_spacing << 0x5))), function at exception vector 38 too large)

.vector_39      0x9fc016e0        0x8
 *(.vector_39)
 .vector_39     0x9fc016e0        0x8 c:/program files (x86)/microchip/xc32/v1.21/bin/../lib/gcc/pic32mx/4.5.2/../../../../pic32mx/lib/size\libpic32.a(vector39.o)
                0x9fc016e0                __vector_dispatch_39
                0x00000001                ASSERT (((_vector_spacing == 0x0) || (SIZEOF (.vector_39) <= (_vector_spacing << 0x5))), function at exception vector 39 too large)

.vector_40      0x9fc01700        0x8
 *(.vector_40)
 .vector_40     0x9fc01700        0x8 c:/program files (x86)/microchip/xc32/v1.21/bin/../lib/gcc/pic32mx/4.5.2/../../../../pic32mx/lib/size\libpic32.a(vector40.o)
                0x9fc01700                __vector_dispatch_40
                0x00000001                ASSERT (((_vector_spacing == 0x0) || (SIZEOF (.vector_40) <= (_vector_spacing << 0x5))), function at exception vector 40 too large)

.vector_41      0x9fc01720        0x8
 *(.vector_41)
 .vector_41     0x9fc01720        0x8 c:/program files (x86)/microchip/xc32/v1.21/bin/../lib/gcc/pic32mx/4.5.2/../../../../pic32mx/lib/size\libpic32.a(vector41.o)
                0x9fc01720                __vector_dispatch_41
                0x00000001                ASSERT (((_vector_spacing == 0x0) || (SIZEOF (.vector_41) <= (_vector_spacing << 0x5))), function at exception vector 41 too large)

.vector_42      0x9fc01740        0x8
 *(.vector_42)
 .vector_42     0x9fc01740        0x8 c:/program files (x86)/microchip/xc32/v1.21/bin/../lib/gcc/pic32mx/4.5.2/../../../../pic32mx/lib/size\libpic32.a(vector42.o)
                0x9fc01740                __vector_dispatch_42
                0x00000001                ASSERT (((_vector_spacing == 0x0) || (SIZEOF (.vector_42) <= (_vector_spacing << 0x5))), function at exception vector 42 too large)

.vector_43      0x9fc01760        0x8
 *(.vector_43)
 .vector_43     0x9fc01760        0x8 c:/program files (x86)/microchip/xc32/v1.21/bin/../lib/gcc/pic32mx/4.5.2/../../../../pic32mx/lib/size\libpic32.a(vector43.o)
                0x9fc01760                __vector_dispatch_43
                0x00000001                ASSERT (((_vector_spacing == 0x0) || (SIZEOF (.vector_43) <= (_vector_spacing << 0x5))), function at exception vector 43 too large)

.vector_44      0x9fc01780        0x8
 *(.vector_44)
 .vector_44     0x9fc01780        0x8 c:/program files (x86)/microchip/xc32/v1.21/bin/../lib/gcc/pic32mx/4.5.2/../../../../pic32mx/lib/size\libpic32.a(vector44.o)
                0x9fc01780                __vector_dispatch_44
                0x00000001                ASSERT (((_vector_spacing == 0x0) || (SIZEOF (.vector_44) <= (_vector_spacing << 0x5))), function at exception vector 44 too large)

.vector_45      0x9fc017a0        0x8
 *(.vector_45)
 .vector_45     0x9fc017a0        0x8 c:/program files (x86)/microchip/xc32/v1.21/bin/../lib/gcc/pic32mx/4.5.2/../../../../pic32mx/lib/size\libpic32.a(vector45.o)
                0x9fc017a0                __vector_dispatch_45
                0x00000001                ASSERT (((_vector_spacing == 0x0) || (SIZEOF (.vector_45) <= (_vector_spacing << 0x5))), function at exception vector 45 too large)

.vector_46      0x9fc017c0        0x8
 *(.vector_46)
 .vector_46     0x9fc017c0        0x8 c:/program files (x86)/microchip/xc32/v1.21/bin/../lib/gcc/pic32mx/4.5.2/../../../../pic32mx/lib/size\libpic32.a(vector46.o)
                0x9fc017c0                __vector_dispatch_46
                0x00000001                ASSERT (((_vector_spacing == 0x0) || (SIZEOF (.vector_46) <= (_vector_spacing << 0x5))), function at exception vector 46 too large)

.vector_47      0x9fc017e0        0x8
 *(.vector_47)
 .vector_47     0x9fc017e0        0x8 c:/program files (x86)/microchip/xc32/v1.21/bin/../lib/gcc/pic32mx/4.5.2/../../../../pic32mx/lib/size\libpic32.a(vector47.o)
                0x9fc017e0                __vector_dispatch_47
                0x00000001                ASSERT (((_vector_spacing == 0x0) || (SIZEOF (.vector_47) <= (_vector_spacing << 0x5))), function at exception vector 47 too large)

.vector_48      0x9fc01800        0x8
 *(.vector_48)
 .vector_48     0x9fc01800        0x8 c:/program files (x86)/microchip/xc32/v1.21/bin/../lib/gcc/pic32mx/4.5.2/../../../../pic32mx/lib/size\libpic32.a(vector48.o)
                0x9fc01800                __vector_dispatch_48
                0x00000001                ASSERT (((_vector_spacing == 0x0) || (SIZEOF (.vector_48) <= (_vector_spacing << 0x5))), function at exception vector 48 too large)

.vector_49      0x9fc01820        0x8
 *(.vector_49)
 .vector_49     0x9fc01820        0x8 c:/program files (x86)/microchip/xc32/v1.21/bin/../lib/gcc/pic32mx/4.5.2/../../../../pic32mx/lib/size\libpic32.a(vector49.o)
                0x9fc01820                __vector_dispatch_49
                0x00000001                ASSERT (((_vector_spacing == 0x0) || (SIZEOF (.vector_49) <= (_vector_spacing << 0x5))), function at exception vector 49 too large)

.vector_50      0x9fc01840        0x8
 *(.vector_50)
 .vector_50     0x9fc01840        0x8 c:/program files (x86)/microchip/xc32/v1.21/bin/../lib/gcc/pic32mx/4.5.2/../../../../pic32mx/lib/size\libpic32.a(vector50.o)
                0x9fc01840                __vector_dispatch_50
                0x00000001                ASSERT (((_vector_spacing == 0x0) || (SIZEOF (.vector_50) <= (_vector_spacing << 0x5))), function at exception vector 50 too large)

.vector_51      0x9fc01860        0x8
 *(.vector_51)
 .vector_51     0x9fc01860        0x8 c:/program files (x86)/microchip/xc32/v1.21/bin/../lib/gcc/pic32mx/4.5.2/../../../../pic32mx/lib/size\libpic32.a(vector51.o)
                0x9fc01860                __vector_dispatch_51
                0x00000001                ASSERT (((_vector_spacing == 0x0) || (SIZEOF (.vector_51) <= (_vector_spacing << 0x5))), function at exception vector 51 too large)

.vector_52      0x9fc01880        0x8
 *(.vector_52)
 .vector_52     0x9fc01880        0x8 c:/program files (x86)/microchip/xc32/v1.21/bin/../lib/gcc/pic32mx/4.5.2/../../../../pic32mx/lib/size\libpic32.a(vector52.o)
                0x9fc01880                __vector_dispatch_52
                0x00000001                ASSERT (((_vector_spacing == 0x0) || (SIZEOF (.vector_52) <= (_vector_spacing << 0x5))), function at exception vector 52 too large)

.vector_53      0x9fc018a0        0x8
 *(.vector_53)
 .vector_53     0x9fc018a0        0x8 c:/program files (x86)/microchip/xc32/v1.21/bin/../lib/gcc/pic32mx/4.5.2/../../../../pic32mx/lib/size\libpic32.a(vector53.o)
                0x9fc018a0                __vector_dispatch_53
                0x00000001                ASSERT (((_vector_spacing == 0x0) || (SIZEOF (.vector_53) <= (_vector_spacing << 0x5))), function at exception vector 53 too large)

.vector_54      0x9fc018c0        0x8
 *(.vector_54)
 .vector_54     0x9fc018c0        0x8 c:/program files (x86)/microchip/xc32/v1.21/bin/../lib/gcc/pic32mx/4.5.2/../../../../pic32mx/lib/size\libpic32.a(vector54.o)
                0x9fc018c0                __vector_dispatch_54
                0x00000001                ASSERT (((_vector_spacing == 0x0) || (SIZEOF (.vector_54) <= (_vector_spacing << 0x5))), function at exception vector 54 too large)

.vector_55      0x9fc018e0        0x8
 *(.vector_55)
 .vector_55     0x9fc018e0        0x8 c:/program files (x86)/microchip/xc32/v1.21/bin/../lib/gcc/pic32mx/4.5.2/../../../../pic32mx/lib/size\libpic32.a(vector55.o)
                0x9fc018e0                __vector_dispatch_55
                0x00000001                ASSERT (((_vector_spacing == 0x0) || (SIZEOF (.vector_55) <= (_vector_spacing << 0x5))), function at exception vector 55 too large)

.vector_56      0x9fc01900        0x8
 *(.vector_56)
 .vector_56     0x9fc01900        0x8 c:/program files (x86)/microchip/xc32/v1.21/bin/../lib/gcc/pic32mx/4.5.2/../../../../pic32mx/lib/size\libpic32.a(vector56.o)
                0x9fc01900                __vector_dispatch_56
                0x00000001                ASSERT (((_vector_spacing == 0x0) || (SIZEOF (.vector_56) <= (_vector_spacing << 0x5))), function at exception vector 56 too large)

.vector_57      0x9fc01920        0x8
 *(.vector_57)
 .vector_57     0x9fc01920        0x8 c:/program files (x86)/microchip/xc32/v1.21/bin/../lib/gcc/pic32mx/4.5.2/../../../../pic32mx/lib/size\libpic32.a(vector57.o)
                0x9fc01920                __vector_dispatch_57
                0x00000001                ASSERT (((_vector_spacing == 0x0) || (SIZEOF (.vector_57) <= (_vector_spacing << 0x5))), function at exception vector 57 too large)

.vector_58      0x9fc01940        0x8
 *(.vector_58)
 .vector_58     0x9fc01940        0x8 c:/program files (x86)/microchip/xc32/v1.21/bin/../lib/gcc/pic32mx/4.5.2/../../../../pic32mx/lib/size\libpic32.a(vector58.o)
                0x9fc01940                __vector_dispatch_58
                0x00000001                ASSERT (((_vector_spacing == 0x0) || (SIZEOF (.vector_58) <= (_vector_spacing << 0x5))), function at exception vector 58 too large)

.vector_59      0x9fc01960        0x8
 *(.vector_59)
 .vector_59     0x9fc01960        0x8 c:/program files (x86)/microchip/xc32/v1.21/bin/../lib/gcc/pic32mx/4.5.2/../../../../pic32mx/lib/size\libpic32.a(vector59.o)
                0x9fc01960                __vector_dispatch_59
                0x00000001                ASSERT (((_vector_spacing == 0x0) || (SIZEOF (.vector_59) <= (_vector_spacing << 0x5))), function at exception vector 59 too large)

.vector_60      0x9fc01980        0x8
 *(.vector_60)
 .vector_60     0x9fc01980        0x8 c:/program files (x86)/microchip/xc32/v1.21/bin/../lib/gcc/pic32mx/4.5.2/../../../../pic32mx/lib/size\libpic32.a(vector60.o)
                0x9fc01980                __vector_dispatch_60
                0x00000001                ASSERT (((_vector_spacing == 0x0) || (SIZEOF (.vector_60) <= (_vector_spacing << 0x5))), function at exception vector 60 too large)

.vector_61      0x9fc019a0        0x8
 *(.vector_61)
 .vector_61     0x9fc019a0        0x8 c:/program files (x86)/microchip/xc32/v1.21/bin/../lib/gcc/pic32mx/4.5.2/../../../../pic32mx/lib/size\libpic32.a(vector61.o)
                0x9fc019a0                __vector_dispatch_61
                0x00000001                ASSERT (((_vector_spacing == 0x0) || (SIZEOF (.vector_61) <= (_vector_spacing << 0x5))), function at exception vector 61 too large)

.vector_62      0x9fc019c0        0x8
 *(.vector_62)
 .vector_62     0x9fc019c0        0x8 c:/program files (x86)/microchip/xc32/v1.21/bin/../lib/gcc/pic32mx/4.5.2/../../../../pic32mx/lib/size\libpic32.a(vector62.o)
                0x9fc019c0                __vector_dispatch_62
                0x00000001                ASSERT (((_vector_spacing == 0x0) || (SIZEOF (.vector_62) <= (_vector_spacing << 0x5))), function at exception vector 62 too large)

.vector_63      0x9fc019e0        0x8
 *(.vector_63)
 .vector_63     0x9fc019e0        0x8 c:/program files (x86)/microchip/xc32/v1.21/bin/../lib/gcc/pic32mx/4.5.2/../../../../pic32mx/lib/size\libpic32.a(vector63.o)
                0x9fc019e0                __vector_dispatch_63
                0x00000001                ASSERT (((_vector_spacing == 0x0) || (SIZEOF (.vector_63) <= (_vector_spacing << 0x5))), function at exception vector 63 too large)

.startup
 *(.startup)

.text           0x9d000000        0x0
 *(.stub .gnu.linkonce.t.*)
 *(.text.*personality*)
 *(.mips16.fn.*)
 *(.mips16.call.*)
 *(.gnu.warning)
                0x9d000000                . = ALIGN (0x4)

.init           0x9d000000        0x0
 *crti.o(.init)
 *crtbegin.o(.init)
 *(EXCLUDE_FILE(*crtn.o *crtend?.o *crtend.o) .init)
 *crtend.o(.init)
 *crtn.o(.init)
                0x9d000000                . = ALIGN (0x4)

.fini           0x9d000000        0x0
 *(.fini)
                0x9d000000                . = ALIGN (0x4)

.preinit_array  0x9d000000        0x0
                0x9d000000                PROVIDE (__preinit_array_start, .)
 *(.preinit_array)
                0x9d000000                PROVIDE (__preinit_array_end, .)
                0x9d000000                . = ALIGN (0x4)

.init_array     0x9d000000        0x0
                0x9d000000                PROVIDE (__init_array_start, .)
 *(SORT(.init_array.*))
 *(.init_array)
                0x9d000000                PROVIDE (__init_array_end, .)
                0x9d000000                . = ALIGN (0x4)

.fini_array     0x9d000000        0x0
                0x9d000000                PROVIDE (__fini_array_start, .)
 *(SORT(.fini_array.*))
 *(.fini_array)
                0x9d000000                PROVIDE (__fini_array_end, .)
                0x9d000000                . = ALIGN (0x4)

.ctors          0x9d000000        0x0
 *crtbegin.o(.ctors)
 *crtbegin?.o(.ctors)
 *(EXCLUDE_FILE(*crtend?.o *crtend.o) .ctors)
 *(SORT(.ctors.*))
 *(.ctors)
                0x9d000000                . = ALIGN (0x4)

.dtors          0x9d000000        0x0
 *crtbegin.o(.dtors)
 *crtbegin?.o(.dtors)
 *(EXCLUDE_FILE(*crtend?.o *crtend.o) .dtors)
 *(SORT(.dtors.*))
 *(.dtors)
                0x9d000000                . = ALIGN (0x4)

.rodata         0x9d000000        0x0
 *(.gnu.linkonce.r.*)
 *(.rodata1)
                0x9d000000                . = ALIGN (0x4)

.sdata2         0x9fc00490        0x0
 *(.sdata2 .sdata2.* .gnu.linkonce.s2.*)
                0x9fc00490                . = ALIGN (0x4)

.sbss2          0x9fc00490        0x0
 *(.sbss2 .sbss2.* .gnu.linkonce.sb2.*)
                0x9fc00490                . = ALIGN (0x4)

.eh_frame_hdr
 *(.eh_frame_hdr)
                0x9fc00490                . = ALIGN (0x4)

.eh_frame
 *(.eh_frame)
                0x9fc00490                . = ALIGN (0x4)

.gcc_except_table
 *(.gcc_except_table .gcc_except_table.*)
                0x9fc00490                . = ALIGN (0x4)

.dbg_data       0xa0000000      0x200
                0xa0000000                . = (. + DEFINED (_DEBUGGER)?0x200:0x0)
 *fill*         0xa0000000      0x200 00

.jcr            0xa0000200        0x0
 *(.jcr)
                0xa0000200                . = ALIGN (0x4)

.eh_frame       0xa0000200       0x20
 *(.eh_frame)
 .eh_frame      0xa0000200       0x20 c:/program files (x86)/microchip/xc32/v1.21/bin/../lib/gcc/pic32mx/4.5.2/size\libgcc.a(_udivdi3.o)
                0xa0000220                . = ALIGN (0x4)

.gcc_except_table
 *(.gcc_except_table .gcc_except_table.*)
                0xa0000220                . = ALIGN (0x4)

.persist        0xa0000220        0x4
                0xa0000220                _persist_begin = .
 *(.persist .persist.*)
 *(.pbss .pbss.*)
 .pbss          0xa0000220        0x2 Obj-XC32-PIC32_ETH_SK_ETH795\TCP.o
 .pbss          0xa0000222        0x2 Obj-XC32-PIC32_ETH_SK_ETH795\UDP.o
                0xa0000224                . = ALIGN (0x4)
                0xa0000224                _persist_end = .

.data           0xa0000224        0x0
 *(.gnu.linkonce.d.*)
 *(.data1)
                0xa0000224                . = ALIGN (0x4)
                0xa0000224                . = .
                0xa0008220                _gp = (ALIGN (0x10) + 0x7ff0)

.got            0xa0000224        0x0
 *(.got.plt)
 *(.got)
                0xa0000224                . = ALIGN (0x4)

.sdata          0xa0000224        0xc
                0xa0000224                _sdata_begin = .
 *(.sdata .sdata.* .gnu.linkonce.s.*)
 .sdata         0xa0000224        0x4 Obj-XC32-PIC32_ETH_SK_ETH795\DHCPs.o
                0xa0000224                bDHCPServerEnabled
 .sdata         0xa0000228        0x4 Obj-XC32-PIC32_ETH_SK_ETH795\Helpers.o
 .sdata         0xa000022c        0x2 Obj-XC32-PIC32_ETH_SK_ETH795\TCP.o
 .sdata         0xa000022e        0x2 Obj-XC32-PIC32_ETH_SK_ETH795\UDP.o
                0xa0000230                . = ALIGN (0x4)
                0xa0000230                _sdata_end = .

.lit8
 *(.lit8)

.lit4
 *(.lit4)
                0xa0000230                . = ALIGN (0x4)
                0xa0000230                _data_end = .
                0xa0000230                _bss_begin = .

.sbss           0xa0000230      0x108
                0xa0000230                _sbss_begin = .
 *(.dynsbss)
 *(.sbss .sbss.* .gnu.linkonce.sb.*)
 .sbss          0xa0000230        0x8 Obj-XC32-PIC32_ETH_SK_ETH795\Announce.o
 .sbss          0xa0000238        0x4 Obj-XC32-PIC32_ETH_SK_ETH795\ARP.o
 .sbss          0xa000023c        0xc Obj-XC32-PIC32_ETH_SK_ETH795\DHCPs.o
 .sbss          0xa0000248       0x40 Obj-XC32-PIC32_ETH_SK_ETH795\ETHPIC32IntMac.o
                0xa0000274                _stackMgrRxOkPkts
                0xa0000278                _stackMgrRxBadPkts
                0xa000027c                _stackMgrInGetHdr
                0xa0000280                _stackMgrRxDiscarded
                0xa0000284                _stackMgrTxNotReady
 .sbss          0xa0000288       0x10 Obj-XC32-PIC32_ETH_SK_ETH795\ICMP.o
 .sbss          0xa0000298        0x4 Obj-XC32-PIC32_ETH_SK_ETH795\IP.o
 .sbss          0xa000029c        0x8 Obj-XC32-PIC32_ETH_SK_ETH795\StackTsk.o
 .sbss          0xa00002a4        0xc Obj-XC32-PIC32_ETH_SK_ETH795\Telnet.o
 .sbss          0xa00002b0        0xc Obj-XC32-PIC32_ETH_SK_ETH795\Tick.o
 .sbss          0xa00002bc        0x8 Obj-XC32-PIC32_ETH_SK_ETH795\UDP.o
 .sbss          0xa00002c4        0xc Obj-XC32-PIC32_ETH_SK_ETH795\MainDemo.o
 .sbss          0xa00002d0        0x8 Obj-XC32-PIC32_ETH_SK_ETH795\GenericTCPServer.o
 .sbss          0xa00002d8        0x8 Obj-XC32-PIC32_ETH_SK_ETH795\PingDemo.o
 .sbss          0xa00002e0        0x8 Obj-XC32-PIC32_ETH_SK_ETH795\LEDTCPServer.o
 .sbss          0xa00002e8       0x20 c:/program files (x86)/microchip/xc32/v1.21/bin/../lib/gcc/pic32mx/4.5.2/../../../../pic32mx/lib/size\libmchp_peripheral_32MX795F512L.a(eth_descriptors_add_lib.o)
                0xa00002e8                _EthTxFreeList
                0xa00002f0                _EthTxBusyList
                0xa00002f8                _EthRxFreeList
                0xa0000300                _EthRxBusyList
 .sbss          0xa0000308       0x10 c:/program files (x86)/microchip/xc32/v1.21/bin/../lib/gcc/pic32mx/4.5.2/../../../../pic32mx/lib/size\libc.a(malloc.o)
                0xa0000308                __allocp
                0xa000030c                __alloct
                0xa0000310                __allocx
 .sbss          0xa0000318        0x8 c:/program files (x86)/microchip/xc32/v1.21/bin/../lib/gcc/pic32mx/4.5.2/../../../../pic32mx/lib/size\libpic32.a(sbrk.o)
                0xa0000318                _minbrk
                0xa000031c                _maxbrk
 .sbss          0xa0000320        0x4 c:/program files (x86)/microchip/xc32/v1.21/bin/../lib/gcc/pic32mx/4.5.2/../../../../pic32mx/lib/size\libpic32.a(errno.o)
                0xa0000320                errno
 *(.scommon)
 .scommon       0xa0000324        0x4 Obj-XC32-PIC32_ETH_SK_ETH795\ETHPIC32ExtPhy.o
                0xa0000324                _PhyAdd
 .scommon       0xa0000328        0x6 Obj-XC32-PIC32_ETH_SK_ETH795\UDP.o
                0xa0000328                activeUDPSocket
                0xa000032a                UDPTxCount
                0xa000032c                UDPRxCount
 *fill*         0xa000032e        0x2 00
 .scommon       0xa0000330        0x8 Obj-XC32-PIC32_ETH_SK_ETH795\MainDemo.o
                0xa0000330                AN0String
                0xa0000338                _sbss_end = .
                0xa0000338                . = ALIGN (0x4)

.bss            0xa0000338      0x120
 *(.dynbss)
 *(COMMON)
 COMMON         0xa0000338        0xa Obj-XC32-PIC32_ETH_SK_ETH795\StackTsk.o
                0xa0000338                remoteNode
 *fill*         0xa0000342        0x2 00
 COMMON         0xa0000344       0xe0 Obj-XC32-PIC32_ETH_SK_ETH795\UDP.o
                0xa0000344                UDPSocketInfo
 COMMON         0xa0000424       0x33 Obj-XC32-PIC32_ETH_SK_ETH795\MainDemo.o
                0xa0000424                AppConfig
                0xa0000458                . = ALIGN ((. != 0x0)?0x4:0x1)
 *fill*         0xa0000457        0x1 00
                0xa0000458                . = ALIGN (0x4)
                0xa0000458                _end = .
                0xa0000458                _bss_end = .
                0x00020000                _bmxdudba_address = 0x20000
                0x00020000                _bmxdupba_address = 0x20000

/DISCARD/
 *(.pdr)
 *(.rel.dyn)
 *(.note.GNU-stack)
 *(.note.GNU-stack)
 *(.gnu_debuglink)
 *(.gnu.lto_*)
 *(.discard)

.gptab.sdata
 *(.gptab.data)
 *(.gptab.sdata)

.gptab.sbss
 *(.gptab.bss)
 *(.gptab.sbss)

.mdebug.abi32   0xa0000458        0x0
 *(.mdebug.abi32)
 .mdebug.abi32  0xa0000458        0x0 Obj-XC32-PIC32_ETH_SK_ETH795\Announce.o
 .mdebug.abi32  0xa0000458        0x0 Obj-XC32-PIC32_ETH_SK_ETH795\ARCFOUR.o
 .mdebug.abi32  0xa0000458        0x0 Obj-XC32-PIC32_ETH_SK_ETH795\ARP.o
 .mdebug.abi32  0xa0000458        0x0 Obj-XC32-PIC32_ETH_SK_ETH795\AutoIP.o
 .mdebug.abi32  0xa0000458        0x0 Obj-XC32-PIC32_ETH_SK_ETH795\BerkeleyAPI.o
 .mdebug.abi32  0xa0000458        0x0 Obj-XC32-PIC32_ETH_SK_ETH795\BigInt.o
 .mdebug.abi32  0xa0000458        0x0 Obj-XC32-PIC32_ETH_SK_ETH795\Delay.o
 .mdebug.abi32  0xa0000458        0x0 Obj-XC32-PIC32_ETH_SK_ETH795\DHCP.o
 .mdebug.abi32  0xa0000458        0x0 Obj-XC32-PIC32_ETH_SK_ETH795\DHCPs.o
 .mdebug.abi32  0xa0000458        0x0 Obj-XC32-PIC32_ETH_SK_ETH795\DNS.o
 .mdebug.abi32  0xa0000458        0x0 Obj-XC32-PIC32_ETH_SK_ETH795\DNSs.o
 .mdebug.abi32  0xa0000458        0x0 Obj-XC32-PIC32_ETH_SK_ETH795\DynDNS.o
 .mdebug.abi32  0xa0000458        0x0 Obj-XC32-PIC32_ETH_SK_ETH795\ENC28J60.o
 .mdebug.abi32  0xa0000458        0x0 Obj-XC32-PIC32_ETH_SK_ETH795\ENCX24J600.o
 .mdebug.abi32  0xa0000458        0x0 Obj-XC32-PIC32_ETH_SK_ETH795\ETHPIC32ExtPhy.o
 .mdebug.abi32  0xa0000458        0x0 Obj-XC32-PIC32_ETH_SK_ETH795\ETHPIC32IntMac.o
 .mdebug.abi32  0xa0000458        0x0 Obj-XC32-PIC32_ETH_SK_ETH795\FileSystem.o
 .mdebug.abi32  0xa0000458        0x0 Obj-XC32-PIC32_ETH_SK_ETH795\FTP.o
 .mdebug.abi32  0xa0000458        0x0 Obj-XC32-PIC32_ETH_SK_ETH795\Hashes.o
 .mdebug.abi32  0xa0000458        0x0 Obj-XC32-PIC32_ETH_SK_ETH795\Helpers.o
 .mdebug.abi32  0xa0000458        0x0 Obj-XC32-PIC32_ETH_SK_ETH795\HTTP2.o
 .mdebug.abi32  0xa0000458        0x0 Obj-XC32-PIC32_ETH_SK_ETH795\ICMP.o
 .mdebug.abi32  0xa0000458        0x0 Obj-XC32-PIC32_ETH_SK_ETH795\IP.o
 .mdebug.abi32  0xa0000458        0x0 Obj-XC32-PIC32_ETH_SK_ETH795\LCDBlocking.o
 .mdebug.abi32  0xa0000458        0x0 Obj-XC32-PIC32_ETH_SK_ETH795\MPFS2.o
 .mdebug.abi32  0xa0000458        0x0 Obj-XC32-PIC32_ETH_SK_ETH795\NBNS.o
 .mdebug.abi32  0xa0000458        0x0 Obj-XC32-PIC32_ETH_SK_ETH795\Random.o
 .mdebug.abi32  0xa0000458        0x0 Obj-XC32-PIC32_ETH_SK_ETH795\Reboot.o
 .mdebug.abi32  0xa0000458        0x0 Obj-XC32-PIC32_ETH_SK_ETH795\RSA.o
 .mdebug.abi32  0xa0000458        0x0 Obj-XC32-PIC32_ETH_SK_ETH795\SMTP.o
 .mdebug.abi32  0xa0000458        0x0 Obj-XC32-PIC32_ETH_SK_ETH795\SNMP.o
 .mdebug.abi32  0xa0000458        0x0 Obj-XC32-PIC32_ETH_SK_ETH795\SNMPv3.o
 .mdebug.abi32  0xa0000458        0x0 Obj-XC32-PIC32_ETH_SK_ETH795\SNMPv3USM.o
 .mdebug.abi32  0xa0000458        0x0 Obj-XC32-PIC32_ETH_SK_ETH795\SNTP.o
 .mdebug.abi32  0xa0000458        0x0 Obj-XC32-PIC32_ETH_SK_ETH795\SPIEEPROM.o
 .mdebug.abi32  0xa0000458        0x0 Obj-XC32-PIC32_ETH_SK_ETH795\SPIFlash.o
 .mdebug.abi32  0xa0000458        0x0 Obj-XC32-PIC32_ETH_SK_ETH795\SPIRAM.o
 .mdebug.abi32  0xa0000458        0x0 Obj-XC32-PIC32_ETH_SK_ETH795\SSL.o
 .mdebug.abi32  0xa0000458        0x0 Obj-XC32-PIC32_ETH_SK_ETH795\StackTsk.o
 .mdebug.abi32  0xa0000458        0x0 Obj-XC32-PIC32_ETH_SK_ETH795\TCP.o
 .mdebug.abi32  0xa0000458        0x0 Obj-XC32-PIC32_ETH_SK_ETH795\TCPPerformanceTest.o
 .mdebug.abi32  0xa0000458        0x0 Obj-XC32-PIC32_ETH_SK_ETH795\Telnet.o
 .mdebug.abi32  0xa0000458        0x0 Obj-XC32-PIC32_ETH_SK_ETH795\TFTPc.o
 .mdebug.abi32  0xa0000458        0x0 Obj-XC32-PIC32_ETH_SK_ETH795\Tick.o
 .mdebug.abi32  0xa0000458        0x0 Obj-XC32-PIC32_ETH_SK_ETH795\UART2TCPBridge.o
 .mdebug.abi32  0xa0000458        0x0 Obj-XC32-PIC32_ETH_SK_ETH795\UART.o
 .mdebug.abi32  0xa0000458        0x0 Obj-XC32-PIC32_ETH_SK_ETH795\UDP.o
 .mdebug.abi32  0xa0000458        0x0 Obj-XC32-PIC32_ETH_SK_ETH795\UDPPerformanceTest.o
 .mdebug.abi32  0xa0000458        0x0 Obj-XC32-PIC32_ETH_SK_ETH795\ZeroconfHelper.o
 .mdebug.abi32  0xa0000458        0x0 Obj-XC32-PIC32_ETH_SK_ETH795\ZeroconfLinkLocal.o
 .mdebug.abi32  0xa0000458        0x0 Obj-XC32-PIC32_ETH_SK_ETH795\ZeroconfMulticastDNS.o
 .mdebug.abi32  0xa0000458        0x0 Obj-XC32-PIC32_ETH_SK_ETH795\CustomHTTPApp.o
 .mdebug.abi32  0xa0000458        0x0 Obj-XC32-PIC32_ETH_SK_ETH795\CustomSNMPApp.o
 .mdebug.abi32  0xa0000458        0x0 Obj-XC32-PIC32_ETH_SK_ETH795\CustomSSLCert.o
 .mdebug.abi32  0xa0000458        0x0 Obj-XC32-PIC32_ETH_SK_ETH795\MainDemo.o
 .mdebug.abi32  0xa0000458        0x0 Obj-XC32-PIC32_ETH_SK_ETH795\BerkeleyTCPClientDemo.o
 .mdebug.abi32  0xa0000458        0x0 Obj-XC32-PIC32_ETH_SK_ETH795\BerkeleyTCPServerDemo.o
 .mdebug.abi32  0xa0000458        0x0 Obj-XC32-PIC32_ETH_SK_ETH795\BerkeleyUDPClientDemo.o
 .mdebug.abi32  0xa0000458        0x0 Obj-XC32-PIC32_ETH_SK_ETH795\GenericTCPClient.o
 .mdebug.abi32  0xa0000458        0x0 Obj-XC32-PIC32_ETH_SK_ETH795\GenericTCPServer.o
 .mdebug.abi32  0xa0000458        0x0 Obj-XC32-PIC32_ETH_SK_ETH795\PingDemo.o
 .mdebug.abi32  0xa0000458        0x0 Obj-XC32-PIC32_ETH_SK_ETH795\SMTPDemo.o
 .mdebug.abi32  0xa0000458        0x0 Obj-XC32-PIC32_ETH_SK_ETH795\UARTConfig.o
 .mdebug.abi32  0xa0000458        0x0 Obj-XC32-PIC32_ETH_SK_ETH795\MPFSImg2.o
 .mdebug.abi32  0xa0000458        0x0 Obj-XC32-PIC32_ETH_SK_ETH795\ETHPIC32ExtPhySMSC8720.o
 .mdebug.abi32  0xa0000458        0x0 Obj-XC32-PIC32_ETH_SK_ETH795\LEDTCPServer.o
 .mdebug.abi32  0xa0000458        0x0 c:/program files (x86)/microchip/xc32/v1.21/bin/../lib/gcc/pic32mx/4.5.2/../../../../pic32mx/lib/size\libmchp_peripheral.a(read_core_timer_lib.o)
 .mdebug.abi32  0xa0000458        0x0 c:/program files (x86)/microchip/xc32/v1.21/bin/../lib/gcc/pic32mx/4.5.2/../../../../pic32mx/lib/size\libmchp_peripheral_32MX795F512L.a(eth_ack_packet_lib.o)
 .mdebug.abi32  0xa0000458        0x0 c:/program files (x86)/microchip/xc32/v1.21/bin/../lib/gcc/pic32mx/4.5.2/../../../../pic32mx/lib/size\libmchp_peripheral_32MX795F512L.a(eth_descriptors_add_lib.o)
 .mdebug.abi32  0xa0000458        0x0 c:/program files (x86)/microchip/xc32/v1.21/bin/../lib/gcc/pic32mx/4.5.2/../../../../pic32mx/lib/size\libmchp_peripheral_32MX795F512L.a(eth_init_lib.o)
 .mdebug.abi32  0xa0000458        0x0 c:/program files (x86)/microchip/xc32/v1.21/bin/../lib/gcc/pic32mx/4.5.2/../../../../pic32mx/lib/size\libmchp_peripheral_32MX795F512L.a(eth_mac_open_lib.o)
 .mdebug.abi32  0xa0000458        0x0 c:/program files (x86)/microchip/xc32/v1.21/bin/../lib/gcc/pic32mx/4.5.2/../../../../pic32mx/lib/size\libmchp_peripheral_32MX795F512L.a(eth_mac_set_address_max_lib.o)
 .mdebug.abi32  0xa0000458        0x0 c:/program files (x86)/microchip/xc32/v1.21/bin/../lib/gcc/pic32mx/4.5.2/../../../../pic32mx/lib/size\libmchp_peripheral_32MX795F512L.a(eth_rx_buffers_append_lib.o)
 .mdebug.abi32  0xa0000458        0x0 c:/program files (x86)/microchip/xc32/v1.21/bin/../lib/gcc/pic32mx/4.5.2/../../../../pic32mx/lib/size\libmchp_peripheral_32MX795F512L.a(eth_rx_filters_lib.o)
 .mdebug.abi32  0xa0000458        0x0 c:/program files (x86)/microchip/xc32/v1.21/bin/../lib/gcc/pic32mx/4.5.2/../../../../pic32mx/lib/size\libmchp_peripheral_32MX795F512L.a(eth_rx_get_packet_lib.o)
 .mdebug.abi32  0xa0000458        0x0 c:/program files (x86)/microchip/xc32/v1.21/bin/../lib/gcc/pic32mx/4.5.2/../../../../pic32mx/lib/size\libmchp_peripheral_32MX795F512L.a(eth_rx_set_buffer_size_lib.o)
 .mdebug.abi32  0xa0000458        0x0 c:/program files (x86)/microchip/xc32/v1.21/bin/../lib/gcc/pic32mx/4.5.2/../../../../pic32mx/lib/size\libmchp_peripheral_32MX795F512L.a(eth_tx_packet_lib.o)
 .mdebug.abi32  0xa0000458        0x0 c:/program files (x86)/microchip/xc32/v1.21/bin/../lib/gcc/pic32mx/4.5.2/../../../../pic32mx/lib/size\libmchp_peripheral_32MX795F512L.a(_eth_append_busy_list_lib.o)
 .mdebug.abi32  0xa0000458        0x0 c:/program files (x86)/microchip/xc32/v1.21/bin/../lib/gcc/pic32mx/4.5.2/../../../../pic32mx/lib/size\libmchp_peripheral_32MX795F512L.a(eth_miim_access.o)
 .mdebug.abi32  0xa0000458        0x0 c:/program files (x86)/microchip/xc32/v1.21/bin/../lib/gcc/pic32mx/4.5.2/../../../../pic32mx/lib/size\libmchp_peripheral_32MX795F512L.a(pcache.o)
 .mdebug.abi32  0xa0000458        0x0 c:/program files (x86)/microchip/xc32/v1.21/bin/../lib/gcc/pic32mx/4.5.2/../../../../pic32mx/lib/size\libmchp_peripheral_32MX795F512L.a(int_disable_interrupts_lib.o)
 .mdebug.abi32  0xa0000458        0x0 c:/program files (x86)/microchip/xc32/v1.21/bin/../lib/gcc/pic32mx/4.5.2/../../../../pic32mx/lib/size\libmchp_peripheral_32MX795F512L.a(int_restore_interrupts_lib.o)
 .mdebug.abi32  0xa0000458        0x0 c:/program files (x86)/microchip/xc32/v1.21/bin/../lib/gcc/pic32mx/4.5.2/../../../../pic32mx/lib/size\libmchp_peripheral_32MX795F512L.a(int_enable_mv_int_lib.o)
 .mdebug.abi32  0xa0000458        0x0 c:/program files (x86)/microchip/xc32/v1.21/bin/../lib/gcc/pic32mx/4.5.2/../../../../pic32mx/lib/size\libmchp_peripheral_32MX795F512L.a(int_tbl_lib.o)
 .mdebug.abi32  0xa0000458        0x0 c:/program files (x86)/microchip/xc32/v1.21/bin/../lib/gcc/pic32mx/4.5.2/../../../../pic32mx/lib/size\libmchp_peripheral_32MX795F512L.a(port_set_pins_digital_in_lib.o)
 .mdebug.abi32  0xa0000458        0x0 c:/program files (x86)/microchip/xc32/v1.21/bin/../lib/gcc/pic32mx/4.5.2/../../../../pic32mx/lib/size\libmchp_peripheral_32MX795F512L.a(port_set_pins_digital_out_lib.o)
 .mdebug.abi32  0xa0000458        0x0 c:/program files (x86)/microchip/xc32/v1.21/bin/../lib/gcc/pic32mx/4.5.2/../../../../pic32mx/lib/size\libmchp_peripheral_32MX795F512L.a(port_clear_bits_lib.o)
 .mdebug.abi32  0xa0000458        0x0 c:/program files (x86)/microchip/xc32/v1.21/bin/../lib/gcc/pic32mx/4.5.2/../../../../pic32mx/lib/size\libmchp_peripheral_32MX795F512L.a(port_set_bits_lib.o)
 .mdebug.abi32  0xa0000458        0x0 c:/program files (x86)/microchip/xc32/v1.21/bin/../lib/gcc/pic32mx/4.5.2/../../../../pic32mx/lib/size\libmchp_peripheral_32MX795F512L.a(_ports_tbl_libp.o)
 .mdebug.abi32  0xa0000458        0x0 c:/program files (x86)/microchip/xc32/v1.21/bin/../lib/gcc/pic32mx/4.5.2/../../../../pic32mx/lib/size\libmchp_peripheral_32MX795F512L.a(int_enable_interrupts_lib.o)
 .mdebug.abi32  0xa0000458        0x0 c:/program files (x86)/microchip/xc32/v1.21/bin/../lib/gcc/pic32mx/4.5.2/size\libgcc.a(_udivdi3.o)
 .mdebug.abi32  0xa0000458        0x0 c:/program files (x86)/microchip/xc32/v1.21/bin/../lib/gcc/pic32mx/4.5.2/../../../../pic32mx/lib/size\libpic32.a(default-bootstrap-exception-handler.o)
 .mdebug.abi32  0xa0000458        0x0 c:/program files (x86)/microchip/xc32/v1.21/bin/../lib/gcc/pic32mx/4.5.2/../../../../pic32mx/lib/size\libpic32.a(default-on-reset.o)
 .mdebug.abi32  0xa0000458        0x0 c:/program files (x86)/microchip/xc32/v1.21/bin/../lib/gcc/pic32mx/4.5.2/../../../../pic32mx/lib/size\libpic32.a(default-on-bootstrap.o)
 .mdebug.abi32  0xa0000458        0x0 c:/program files (x86)/microchip/xc32/v1.21/bin/../lib/gcc/pic32mx/4.5.2/../../../../pic32mx/lib/size\libpic32.a(defaultinterrupt.o)
 .mdebug.abi32  0xa0000458        0x0 c:/program files (x86)/microchip/xc32/v1.21/bin/../lib/gcc/pic32mx/4.5.2/../../../../pic32mx/lib/size\libc.a(calloc.o)
 .mdebug.abi32  0xa0000458        0x0 c:/program files (x86)/microchip/xc32/v1.21/bin/../lib/gcc/pic32mx/4.5.2/../../../../pic32mx/lib/size\libc.a(malloc.o)
 .mdebug.abi32  0xa0000458        0x0 c:/program files (x86)/microchip/xc32/v1.21/bin/../lib/gcc/pic32mx/4.5.2/../../../../pic32mx/lib/size\libc.a(strncpy.o)
 .mdebug.abi32  0xa0000458        0x0 c:/program files (x86)/microchip/xc32/v1.21/bin/../lib/gcc/pic32mx/4.5.2/../../../../pic32mx/lib/size\libpic32.a(sbrk.o)
 .mdebug.abi32  0xa0000458        0x0 c:/program files (x86)/microchip/xc32/v1.21/bin/../lib/gcc/pic32mx/4.5.2/../../../../pic32mx/lib/size\libpic32.a(errno.o)

.mdebug.abiN32
 *(.mdebug.abiN32)

.mdebug.abi64
 *(.mdebug.abi64)

.mdebug.abiO64
 *(.mdebug.abiO64)

.mdebug.eabi32
 *(.mdebug.eabi32)

.mdebug.eabi64
 *(.mdebug.eabi64)

.gcc_compiled_long32
 *(.gcc_compiled_long32)

.gcc_compiled_long64
 *(.gcc_compiled_long64)

.stab
 *(.stab)

.stabstr
 *(.stabstr)

.stab.excl
 *(.stab.excl)

.stab.exclstr
 *(.stab.exclstr)

.stab.index
 *(.stab.index)

.stab.indexstr
 *(.stab.indexstr)

.comment        0x00000000      0x10c
 *(.comment)
 .comment       0x00000000       0x3c Obj-XC32-PIC32_ETH_SK_ETH795\Announce.o
                                 0x3d (size before relaxing)
 .comment       0x00000000       0x3d Obj-XC32-PIC32_ETH_SK_ETH795\ARCFOUR.o
 .comment       0x00000000       0x3d Obj-XC32-PIC32_ETH_SK_ETH795\ARP.o
 .comment       0x00000000       0x3d Obj-XC32-PIC32_ETH_SK_ETH795\AutoIP.o
 .comment       0x00000000       0x3d Obj-XC32-PIC32_ETH_SK_ETH795\BerkeleyAPI.o
 .comment       0x00000000       0x3d Obj-XC32-PIC32_ETH_SK_ETH795\BigInt.o
 .comment       0x00000000       0x3d Obj-XC32-PIC32_ETH_SK_ETH795\Delay.o
 .comment       0x00000000       0x3d Obj-XC32-PIC32_ETH_SK_ETH795\DHCP.o
 .comment       0x00000000       0x3d Obj-XC32-PIC32_ETH_SK_ETH795\DHCPs.o
 .comment       0x00000000       0x3d Obj-XC32-PIC32_ETH_SK_ETH795\DNS.o
 .comment       0x00000000       0x3d Obj-XC32-PIC32_ETH_SK_ETH795\DNSs.o
 .comment       0x00000000       0x3d Obj-XC32-PIC32_ETH_SK_ETH795\DynDNS.o
 .comment       0x00000000       0x3d Obj-XC32-PIC32_ETH_SK_ETH795\ENC28J60.o
 .comment       0x00000000       0x3d Obj-XC32-PIC32_ETH_SK_ETH795\ENCX24J600.o
 .comment       0x00000000       0x3d Obj-XC32-PIC32_ETH_SK_ETH795\ETHPIC32ExtPhy.o
 .comment       0x00000000       0x3d Obj-XC32-PIC32_ETH_SK_ETH795\ETHPIC32IntMac.o
 .comment       0x00000000       0x3d Obj-XC32-PIC32_ETH_SK_ETH795\FileSystem.o
 .comment       0x00000000       0x3d Obj-XC32-PIC32_ETH_SK_ETH795\FTP.o
 .comment       0x00000000       0x3d Obj-XC32-PIC32_ETH_SK_ETH795\Hashes.o
 .comment       0x00000000       0x3d Obj-XC32-PIC32_ETH_SK_ETH795\Helpers.o
 .comment       0x00000000       0x3d Obj-XC32-PIC32_ETH_SK_ETH795\HTTP2.o
 .comment       0x00000000       0x3d Obj-XC32-PIC32_ETH_SK_ETH795\ICMP.o
 .comment       0x00000000       0x3d Obj-XC32-PIC32_ETH_SK_ETH795\IP.o
 .comment       0x00000000       0x3d Obj-XC32-PIC32_ETH_SK_ETH795\LCDBlocking.o
 .comment       0x00000000       0x3d Obj-XC32-PIC32_ETH_SK_ETH795\MPFS2.o
 .comment       0x00000000       0x3d Obj-XC32-PIC32_ETH_SK_ETH795\NBNS.o
 .comment       0x00000000       0x3d Obj-XC32-PIC32_ETH_SK_ETH795\Random.o
 .comment       0x00000000       0x3d Obj-XC32-PIC32_ETH_SK_ETH795\Reboot.o
 .comment       0x00000000       0x3d Obj-XC32-PIC32_ETH_SK_ETH795\RSA.o
 .comment       0x00000000       0x3d Obj-XC32-PIC32_ETH_SK_ETH795\SMTP.o
 .comment       0x00000000       0x3d Obj-XC32-PIC32_ETH_SK_ETH795\SNMP.o
 .comment       0x00000000       0x3d Obj-XC32-PIC32_ETH_SK_ETH795\SNMPv3.o
 .comment       0x00000000       0x3d Obj-XC32-PIC32_ETH_SK_ETH795\SNMPv3USM.o
 .comment       0x00000000       0x3d Obj-XC32-PIC32_ETH_SK_ETH795\SNTP.o
 .comment       0x00000000       0x3d Obj-XC32-PIC32_ETH_SK_ETH795\SPIEEPROM.o
 .comment       0x00000000       0x3d Obj-XC32-PIC32_ETH_SK_ETH795\SPIFlash.o
 .comment       0x00000000       0x3d Obj-XC32-PIC32_ETH_SK_ETH795\SPIRAM.o
 .comment       0x00000000       0x3d Obj-XC32-PIC32_ETH_SK_ETH795\SSL.o
 .comment       0x00000000       0x3d Obj-XC32-PIC32_ETH_SK_ETH795\StackTsk.o
 .comment       0x00000000       0x3d Obj-XC32-PIC32_ETH_SK_ETH795\TCP.o
 .comment       0x00000000       0x3d Obj-XC32-PIC32_ETH_SK_ETH795\TCPPerformanceTest.o
 .comment       0x00000000       0x3d Obj-XC32-PIC32_ETH_SK_ETH795\Telnet.o
 .comment       0x00000000       0x3d Obj-XC32-PIC32_ETH_SK_ETH795\TFTPc.o
 .comment       0x00000000       0x3d Obj-XC32-PIC32_ETH_SK_ETH795\Tick.o
 .comment       0x00000000       0x3d Obj-XC32-PIC32_ETH_SK_ETH795\UART2TCPBridge.o
 .comment       0x00000000       0x3d Obj-XC32-PIC32_ETH_SK_ETH795\UART.o
 .comment       0x00000000       0x3d Obj-XC32-PIC32_ETH_SK_ETH795\UDP.o
 .comment       0x00000000       0x3d Obj-XC32-PIC32_ETH_SK_ETH795\UDPPerformanceTest.o
 .comment       0x00000000       0x3d Obj-XC32-PIC32_ETH_SK_ETH795\ZeroconfHelper.o
 .comment       0x00000000       0x3d Obj-XC32-PIC32_ETH_SK_ETH795\ZeroconfLinkLocal.o
 .comment       0x00000000       0x3d Obj-XC32-PIC32_ETH_SK_ETH795\ZeroconfMulticastDNS.o
 .comment       0x00000000       0x3d Obj-XC32-PIC32_ETH_SK_ETH795\CustomHTTPApp.o
 .comment       0x00000000       0x3d Obj-XC32-PIC32_ETH_SK_ETH795\CustomSNMPApp.o
 .comment       0x00000000       0x3d Obj-XC32-PIC32_ETH_SK_ETH795\CustomSSLCert.o
 .comment       0x00000000       0x3d Obj-XC32-PIC32_ETH_SK_ETH795\MainDemo.o
 .comment       0x00000000       0x3d Obj-XC32-PIC32_ETH_SK_ETH795\BerkeleyTCPClientDemo.o
 .comment       0x00000000       0x3d Obj-XC32-PIC32_ETH_SK_ETH795\BerkeleyTCPServerDemo.o
 .comment       0x00000000       0x3d Obj-XC32-PIC32_ETH_SK_ETH795\BerkeleyUDPClientDemo.o
 .comment       0x00000000       0x3d Obj-XC32-PIC32_ETH_SK_ETH795\GenericTCPClient.o
 .comment       0x00000000       0x3d Obj-XC32-PIC32_ETH_SK_ETH795\GenericTCPServer.o
 .comment       0x00000000       0x3d Obj-XC32-PIC32_ETH_SK_ETH795\PingDemo.o
 .comment       0x00000000       0x3d Obj-XC32-PIC32_ETH_SK_ETH795\SMTPDemo.o
 .comment       0x00000000       0x3d Obj-XC32-PIC32_ETH_SK_ETH795\UARTConfig.o
 .comment       0x00000000       0x3d Obj-XC32-PIC32_ETH_SK_ETH795\MPFSImg2.o
 .comment       0x00000000       0x3d Obj-XC32-PIC32_ETH_SK_ETH795\ETHPIC32ExtPhySMSC8720.o
 .comment       0x00000000       0x3d Obj-XC32-PIC32_ETH_SK_ETH795\LEDTCPServer.o
 .comment       0x0000003c       0x3c c:/program files (x86)/microchip/xc32/v1.21/bin/../lib/gcc/pic32mx/4.5.2/../../../../pic32mx/lib/size\libmchp_peripheral.a(read_core_timer_lib.o)
                                 0x3d (size before relaxing)
 .comment       0x00000000       0x3d c:/program files (x86)/microchip/xc32/v1.21/bin/../lib/gcc/pic32mx/4.5.2/../../../../pic32mx/lib/size\libmchp_peripheral_32MX795F512L.a(eth_ack_packet_lib.o)
 .comment       0x00000000       0x3d c:/program files (x86)/microchip/xc32/v1.21/bin/../lib/gcc/pic32mx/4.5.2/../../../../pic32mx/lib/size\libmchp_peripheral_32MX795F512L.a(eth_descriptors_add_lib.o)
 .comment       0x00000000       0x3d c:/program files (x86)/microchip/xc32/v1.21/bin/../lib/gcc/pic32mx/4.5.2/../../../../pic32mx/lib/size\libmchp_peripheral_32MX795F512L.a(eth_init_lib.o)
 .comment       0x00000000       0x3d c:/program files (x86)/microchip/xc32/v1.21/bin/../lib/gcc/pic32mx/4.5.2/../../../../pic32mx/lib/size\libmchp_peripheral_32MX795F512L.a(eth_mac_open_lib.o)
 .comment       0x00000000       0x3d c:/program files (x86)/microchip/xc32/v1.21/bin/../lib/gcc/pic32mx/4.5.2/../../../../pic32mx/lib/size\libmchp_peripheral_32MX795F512L.a(eth_mac_set_address_max_lib.o)
 .comment       0x00000000       0x3d c:/program files (x86)/microchip/xc32/v1.21/bin/../lib/gcc/pic32mx/4.5.2/../../../../pic32mx/lib/size\libmchp_peripheral_32MX795F512L.a(eth_rx_buffers_append_lib.o)
 .comment       0x00000000       0x3d c:/program files (x86)/microchip/xc32/v1.21/bin/../lib/gcc/pic32mx/4.5.2/../../../../pic32mx/lib/size\libmchp_peripheral_32MX795F512L.a(eth_rx_filters_lib.o)
 .comment       0x00000000       0x3d c:/program files (x86)/microchip/xc32/v1.21/bin/../lib/gcc/pic32mx/4.5.2/../../../../pic32mx/lib/size\libmchp_peripheral_32MX795F512L.a(eth_rx_get_packet_lib.o)
 .comment       0x00000000       0x3d c:/program files (x86)/microchip/xc32/v1.21/bin/../lib/gcc/pic32mx/4.5.2/../../../../pic32mx/lib/size\libmchp_peripheral_32MX795F512L.a(eth_rx_set_buffer_size_lib.o)
 .comment       0x00000000       0x3d c:/program files (x86)/microchip/xc32/v1.21/bin/../lib/gcc/pic32mx/4.5.2/../../../../pic32mx/lib/size\libmchp_peripheral_32MX795F512L.a(eth_tx_packet_lib.o)
 .comment       0x00000000       0x3d c:/program files (x86)/microchip/xc32/v1.21/bin/../lib/gcc/pic32mx/4.5.2/../../../../pic32mx/lib/size\libmchp_peripheral_32MX795F512L.a(_eth_append_busy_list_lib.o)
 .comment       0x00000000       0x3d c:/program files (x86)/microchip/xc32/v1.21/bin/../lib/gcc/pic32mx/4.5.2/../../../../pic32mx/lib/size\libmchp_peripheral_32MX795F512L.a(eth_miim_access.o)
 .comment       0x00000000       0x3d c:/program files (x86)/microchip/xc32/v1.21/bin/../lib/gcc/pic32mx/4.5.2/../../../../pic32mx/lib/size\libmchp_peripheral_32MX795F512L.a(pcache.o)
 .comment       0x00000000       0x3d c:/program files (x86)/microchip/xc32/v1.21/bin/../lib/gcc/pic32mx/4.5.2/../../../../pic32mx/lib/size\libmchp_peripheral_32MX795F512L.a(int_disable_interrupts_lib.o)
 .comment       0x00000000       0x3d c:/program files (x86)/microchip/xc32/v1.21/bin/../lib/gcc/pic32mx/4.5.2/../../../../pic32mx/lib/size\libmchp_peripheral_32MX795F512L.a(int_restore_interrupts_lib.o)
 .comment       0x00000000       0x3d c:/program files (x86)/microchip/xc32/v1.21/bin/../lib/gcc/pic32mx/4.5.2/../../../../pic32mx/lib/size\libmchp_peripheral_32MX795F512L.a(int_enable_mv_int_lib.o)
 .comment       0x00000000       0x3d c:/program files (x86)/microchip/xc32/v1.21/bin/../lib/gcc/pic32mx/4.5.2/../../../../pic32mx/lib/size\libmchp_peripheral_32MX795F512L.a(int_tbl_lib.o)
 .comment       0x00000000       0x3d c:/program files (x86)/microchip/xc32/v1.21/bin/../lib/gcc/pic32mx/4.5.2/../../../../pic32mx/lib/size\libmchp_peripheral_32MX795F512L.a(port_set_pins_digital_in_lib.o)
 .comment       0x00000000       0x3d c:/program files (x86)/microchip/xc32/v1.21/bin/../lib/gcc/pic32mx/4.5.2/../../../../pic32mx/lib/size\libmchp_peripheral_32MX795F512L.a(port_set_pins_digital_out_lib.o)
 .comment       0x00000000       0x3d c:/program files (x86)/microchip/xc32/v1.21/bin/../lib/gcc/pic32mx/4.5.2/../../../../pic32mx/lib/size\libmchp_peripheral_32MX795F512L.a(port_clear_bits_lib.o)
 .comment       0x00000000       0x3d c:/program files (x86)/microchip/xc32/v1.21/bin/../lib/gcc/pic32mx/4.5.2/../../../../pic32mx/lib/size\libmchp_peripheral_32MX795F512L.a(port_set_bits_lib.o)
 .comment       0x00000000       0x3d c:/program files (x86)/microchip/xc32/v1.21/bin/../lib/gcc/pic32mx/4.5.2/../../../../pic32mx/lib/size\libmchp_peripheral_32MX795F512L.a(_ports_tbl_libp.o)
 .comment       0x00000000       0x3d c:/program files (x86)/microchip/xc32/v1.21/bin/../lib/gcc/pic32mx/4.5.2/../../../../pic32mx/lib/size\libmchp_peripheral_32MX795F512L.a(int_enable_interrupts_lib.o)
 .comment       0x00000000       0x3d c:/program files (x86)/microchip/xc32/v1.21/bin/../lib/gcc/pic32mx/4.5.2/size\libgcc.a(_udivdi3.o)
 .comment       0x00000078       0x18 c:/program files (x86)/microchip/xc32/v1.21/bin/../lib/gcc/pic32mx/4.5.2/../../../../pic32mx/lib/size\libpic32.a(memcmp.o)
                                 0x19 (size before relaxing)
 .comment       0x00000090       0x18 c:/program files (x86)/microchip/xc32/v1.21/bin/../lib/gcc/pic32mx/4.5.2/../../../../pic32mx/lib/size\libpic32.a(memset.o)
                                 0x19 (size before relaxing)
 .comment       0x000000a8       0x19 c:/program files (x86)/microchip/xc32/v1.21/bin/../lib/gcc/pic32mx/4.5.2/../../../../pic32mx/lib/size\libpic32.a(strlen.o)
                                 0x1a (size before relaxing)
 .comment       0x00000000       0x3d c:/program files (x86)/microchip/xc32/v1.21/bin/../lib/gcc/pic32mx/4.5.2/../../../../pic32mx/lib/size\libpic32.a(default-bootstrap-exception-handler.o)
 .comment       0x00000000       0x3d c:/program files (x86)/microchip/xc32/v1.21/bin/../lib/gcc/pic32mx/4.5.2/../../../../pic32mx/lib/size\libpic32.a(default-on-reset.o)
 .comment       0x00000000       0x3d c:/program files (x86)/microchip/xc32/v1.21/bin/../lib/gcc/pic32mx/4.5.2/../../../../pic32mx/lib/size\libpic32.a(default-on-bootstrap.o)
 .comment       0x00000000       0x3d c:/program files (x86)/microchip/xc32/v1.21/bin/../lib/gcc/pic32mx/4.5.2/../../../../pic32mx/lib/size\libpic32.a(defaultinterrupt.o)
 .comment       0x00000000       0x3d c:/program files (x86)/microchip/xc32/v1.21/bin/../lib/gcc/pic32mx/4.5.2/../../../../pic32mx/lib/size\libc.a(calloc.o)
 .comment       0x00000000       0x3d c:/program files (x86)/microchip/xc32/v1.21/bin/../lib/gcc/pic32mx/4.5.2/../../../../pic32mx/lib/size\libc.a(malloc.o)
 .comment       0x00000000       0x3d c:/program files (x86)/microchip/xc32/v1.21/bin/../lib/gcc/pic32mx/4.5.2/../../../../pic32mx/lib/size\libc.a(strncpy.o)
 .comment       0x000000c1       0x4b c:/program files (x86)/microchip/xc32/v1.21/bin/../lib/gcc/pic32mx/4.5.2/../../../../pic32mx/lib/size\libpic32.a(sbrk.o)
                                 0x88 (size before relaxing)
 .comment       0x00000000       0x3d c:/program files (x86)/microchip/xc32/v1.21/bin/../lib/gcc/pic32mx/4.5.2/../../../../pic32mx/lib/size\libpic32.a(errno.o)

.debug
 *(.debug)

.line
 *(.line)

.debug_srcinfo
 *(.debug_srcinfo)

.debug_sfnames
 *(.debug_sfnames)

.debug_aranges  0x00000000      0x798
 *(.debug_aranges)
 .debug_aranges
                0x00000000       0x20 Obj-XC32-PIC32_ETH_SK_ETH795\Announce.o
 .debug_aranges
                0x00000020       0x20 Obj-XC32-PIC32_ETH_SK_ETH795\ARP.o
 .debug_aranges
                0x00000040       0x20 Obj-XC32-PIC32_ETH_SK_ETH795\Delay.o
 .debug_aranges
                0x00000060       0x20 Obj-XC32-PIC32_ETH_SK_ETH795\DHCPs.o
 .debug_aranges
                0x00000080       0x20 Obj-XC32-PIC32_ETH_SK_ETH795\ETHPIC32ExtPhy.o
 .debug_aranges
                0x000000a0       0x20 Obj-XC32-PIC32_ETH_SK_ETH795\ETHPIC32IntMac.o
 .debug_aranges
                0x000000c0       0x20 Obj-XC32-PIC32_ETH_SK_ETH795\Helpers.o
 .debug_aranges
                0x000000e0       0x20 Obj-XC32-PIC32_ETH_SK_ETH795\ICMP.o
 .debug_aranges
                0x00000100       0x20 Obj-XC32-PIC32_ETH_SK_ETH795\IP.o
 .debug_aranges
                0x00000120       0x20 Obj-XC32-PIC32_ETH_SK_ETH795\StackTsk.o
 .debug_aranges
                0x00000140       0x20 Obj-XC32-PIC32_ETH_SK_ETH795\TCP.o
 .debug_aranges
                0x00000160       0x20 Obj-XC32-PIC32_ETH_SK_ETH795\Telnet.o
 .debug_aranges
                0x00000180       0x20 Obj-XC32-PIC32_ETH_SK_ETH795\Tick.o
 .debug_aranges
                0x000001a0       0x20 Obj-XC32-PIC32_ETH_SK_ETH795\UDP.o
 .debug_aranges
                0x000001c0       0x20 Obj-XC32-PIC32_ETH_SK_ETH795\MainDemo.o
 .debug_aranges
                0x000001e0       0x20 Obj-XC32-PIC32_ETH_SK_ETH795\GenericTCPServer.o
 .debug_aranges
                0x00000200       0x20 Obj-XC32-PIC32_ETH_SK_ETH795\PingDemo.o
 .debug_aranges
                0x00000220       0x20 Obj-XC32-PIC32_ETH_SK_ETH795\ETHPIC32ExtPhySMSC8720.o
 .debug_aranges
                0x00000240       0x20 Obj-XC32-PIC32_ETH_SK_ETH795\LEDTCPServer.o
 .debug_aranges
                0x00000260       0x20 c:/program files (x86)/microchip/xc32/v1.21/bin/../lib/gcc/pic32mx/4.5.2/../../../../pic32mx/lib/size\libmchp_peripheral.a(read_core_timer_lib.o)
 .debug_aranges
                0x00000280       0x48 c:/program files (x86)/microchip/xc32/v1.21/bin/../lib/gcc/pic32mx/4.5.2/../../../../pic32mx/lib/size\libmchp_peripheral_32MX795F512L.a(eth_ack_packet_lib.o)
 .debug_aranges
                0x000002c8       0x28 c:/program files (x86)/microchip/xc32/v1.21/bin/../lib/gcc/pic32mx/4.5.2/../../../../pic32mx/lib/size\libmchp_peripheral_32MX795F512L.a(eth_descriptors_add_lib.o)
 .debug_aranges
                0x000002f0       0x20 c:/program files (x86)/microchip/xc32/v1.21/bin/../lib/gcc/pic32mx/4.5.2/../../../../pic32mx/lib/size\libmchp_peripheral_32MX795F512L.a(eth_init_lib.o)
 .debug_aranges
                0x00000310       0x20 c:/program files (x86)/microchip/xc32/v1.21/bin/../lib/gcc/pic32mx/4.5.2/../../../../pic32mx/lib/size\libmchp_peripheral_32MX795F512L.a(eth_mac_open_lib.o)
 .debug_aranges
                0x00000330       0x30 c:/program files (x86)/microchip/xc32/v1.21/bin/../lib/gcc/pic32mx/4.5.2/../../../../pic32mx/lib/size\libmchp_peripheral_32MX795F512L.a(eth_mac_set_address_max_lib.o)
 .debug_aranges
                0x00000360       0x20 c:/program files (x86)/microchip/xc32/v1.21/bin/../lib/gcc/pic32mx/4.5.2/../../../../pic32mx/lib/size\libmchp_peripheral_32MX795F512L.a(eth_rx_buffers_append_lib.o)
 .debug_aranges
                0x00000380       0x48 c:/program files (x86)/microchip/xc32/v1.21/bin/../lib/gcc/pic32mx/4.5.2/../../../../pic32mx/lib/size\libmchp_peripheral_32MX795F512L.a(eth_rx_filters_lib.o)
 .debug_aranges
                0x000003c8       0x28 c:/program files (x86)/microchip/xc32/v1.21/bin/../lib/gcc/pic32mx/4.5.2/../../../../pic32mx/lib/size\libmchp_peripheral_32MX795F512L.a(eth_rx_get_packet_lib.o)
 .debug_aranges
                0x000003f0       0x20 c:/program files (x86)/microchip/xc32/v1.21/bin/../lib/gcc/pic32mx/4.5.2/../../../../pic32mx/lib/size\libmchp_peripheral_32MX795F512L.a(eth_rx_set_buffer_size_lib.o)
 .debug_aranges
                0x00000410       0x48 c:/program files (x86)/microchip/xc32/v1.21/bin/../lib/gcc/pic32mx/4.5.2/../../../../pic32mx/lib/size\libmchp_peripheral_32MX795F512L.a(eth_tx_packet_lib.o)
 .debug_aranges
                0x00000458       0x20 c:/program files (x86)/microchip/xc32/v1.21/bin/../lib/gcc/pic32mx/4.5.2/../../../../pic32mx/lib/size\libmchp_peripheral_32MX795F512L.a(_eth_append_busy_list_lib.o)
 .debug_aranges
                0x00000478       0x48 c:/program files (x86)/microchip/xc32/v1.21/bin/../lib/gcc/pic32mx/4.5.2/../../../../pic32mx/lib/size\libmchp_peripheral_32MX795F512L.a(eth_miim_access.o)
 .debug_aranges
                0x000004c0       0x28 c:/program files (x86)/microchip/xc32/v1.21/bin/../lib/gcc/pic32mx/4.5.2/../../../../pic32mx/lib/size\libmchp_peripheral_32MX795F512L.a(pcache.o)
 .debug_aranges
                0x000004e8       0x20 c:/program files (x86)/microchip/xc32/v1.21/bin/../lib/gcc/pic32mx/4.5.2/../../../../pic32mx/lib/size\libmchp_peripheral_32MX795F512L.a(int_disable_interrupts_lib.o)
 .debug_aranges
                0x00000508       0x20 c:/program files (x86)/microchip/xc32/v1.21/bin/../lib/gcc/pic32mx/4.5.2/../../../../pic32mx/lib/size\libmchp_peripheral_32MX795F512L.a(int_restore_interrupts_lib.o)
 .debug_aranges
                0x00000528       0x20 c:/program files (x86)/microchip/xc32/v1.21/bin/../lib/gcc/pic32mx/4.5.2/../../../../pic32mx/lib/size\libmchp_peripheral_32MX795F512L.a(int_enable_mv_int_lib.o)
 .debug_aranges
                0x00000548       0x60 c:/program files (x86)/microchip/xc32/v1.21/bin/../lib/gcc/pic32mx/4.5.2/../../../../pic32mx/lib/size\libmchp_peripheral_32MX795F512L.a(int_tbl_lib.o)
 .debug_aranges
                0x000005a8       0x20 c:/program files (x86)/microchip/xc32/v1.21/bin/../lib/gcc/pic32mx/4.5.2/../../../../pic32mx/lib/size\libmchp_peripheral_32MX795F512L.a(port_set_pins_digital_in_lib.o)
 .debug_aranges
                0x000005c8       0x20 c:/program files (x86)/microchip/xc32/v1.21/bin/../lib/gcc/pic32mx/4.5.2/../../../../pic32mx/lib/size\libmchp_peripheral_32MX795F512L.a(port_set_pins_digital_out_lib.o)
 .debug_aranges
                0x000005e8       0x20 c:/program files (x86)/microchip/xc32/v1.21/bin/../lib/gcc/pic32mx/4.5.2/../../../../pic32mx/lib/size\libmchp_peripheral_32MX795F512L.a(port_clear_bits_lib.o)
 .debug_aranges
                0x00000608       0x20 c:/program files (x86)/microchip/xc32/v1.21/bin/../lib/gcc/pic32mx/4.5.2/../../../../pic32mx/lib/size\libmchp_peripheral_32MX795F512L.a(port_set_bits_lib.o)
 .debug_aranges
                0x00000628       0x20 c:/program files (x86)/microchip/xc32/v1.21/bin/../lib/gcc/pic32mx/4.5.2/../../../../pic32mx/lib/size\libmchp_peripheral_32MX795F512L.a(int_enable_interrupts_lib.o)
 .debug_aranges
                0x00000648       0x20 c:/program files (x86)/microchip/xc32/v1.21/bin/../lib/gcc/pic32mx/4.5.2/size\libgcc.a(_udivdi3.o)
 .debug_aranges
                0x00000668       0x20 c:/program files (x86)/microchip/xc32/v1.21/bin/../lib/gcc/pic32mx/4.5.2/../../../../pic32mx/lib/size\libpic32.a(default-bootstrap-exception-handler.o)
 .debug_aranges
                0x00000688       0x20 c:/program files (x86)/microchip/xc32/v1.21/bin/../lib/gcc/pic32mx/4.5.2/../../../../pic32mx/lib/size\libpic32.a(default-on-reset.o)
 .debug_aranges
                0x000006a8       0x20 c:/program files (x86)/microchip/xc32/v1.21/bin/../lib/gcc/pic32mx/4.5.2/../../../../pic32mx/lib/size\libpic32.a(default-on-bootstrap.o)
 .debug_aranges
                0x000006c8       0x20 c:/program files (x86)/microchip/xc32/v1.21/bin/../lib/gcc/pic32mx/4.5.2/../../../../pic32mx/lib/size\libpic32.a(defaultinterrupt.o)
 .debug_aranges
                0x000006e8       0x20 c:/program files (x86)/microchip/xc32/v1.21/bin/../lib/gcc/pic32mx/4.5.2/../../../../pic32mx/lib/size\libc.a(calloc.o)
 .debug_aranges
                0x00000708       0x30 c:/program files (x86)/microchip/xc32/v1.21/bin/../lib/gcc/pic32mx/4.5.2/../../../../pic32mx/lib/size\libc.a(malloc.o)
 .debug_aranges
                0x00000738       0x20 c:/program files (x86)/microchip/xc32/v1.21/bin/../lib/gcc/pic32mx/4.5.2/../../../../pic32mx/lib/size\libc.a(strncpy.o)
 .debug_aranges
                0x00000758       0x40 c:/program files (x86)/microchip/xc32/v1.21/bin/../lib/gcc/pic32mx/4.5.2/../../../../pic32mx/lib/size\libpic32.a(sbrk.o)

.debug_pubnames
                0x00000000     0x12b3
 *(.debug_pubnames)
 .debug_pubnames
                0x00000000       0x33 Obj-XC32-PIC32_ETH_SK_ETH795\Announce.o
 .debug_pubnames
                0x00000033       0x6f Obj-XC32-PIC32_ETH_SK_ETH795\ARP.o
 .debug_pubnames
                0x000000a2       0x2c Obj-XC32-PIC32_ETH_SK_ETH795\Delay.o
 .debug_pubnames
                0x000000ce       0x3c Obj-XC32-PIC32_ETH_SK_ETH795\DHCPs.o
 .debug_pubnames
                0x0000010a      0x110 Obj-XC32-PIC32_ETH_SK_ETH795\ETHPIC32ExtPhy.o
 .debug_pubnames
                0x0000021a      0x213 Obj-XC32-PIC32_ETH_SK_ETH795\ETHPIC32IntMac.o
 .debug_pubnames
                0x0000042d      0x10a Obj-XC32-PIC32_ETH_SK_ETH795\Helpers.o
 .debug_pubnames
                0x00000537       0x68 Obj-XC32-PIC32_ETH_SK_ETH795\ICMP.o
 .debug_pubnames
                0x0000059f       0x44 Obj-XC32-PIC32_ETH_SK_ETH795\IP.o
 .debug_pubnames
                0x000005e3       0x53 Obj-XC32-PIC32_ETH_SK_ETH795\StackTsk.o
 .debug_pubnames
                0x00000636      0x1ba Obj-XC32-PIC32_ETH_SK_ETH795\TCP.o
 .debug_pubnames
                0x000007f0       0x21 Obj-XC32-PIC32_ETH_SK_ETH795\Telnet.o
 .debug_pubnames
                0x00000811       0x7e Obj-XC32-PIC32_ETH_SK_ETH795\Tick.o
 .debug_pubnames
                0x0000088f      0x155 Obj-XC32-PIC32_ETH_SK_ETH795\UDP.o
 .debug_pubnames
                0x000009e4       0x69 Obj-XC32-PIC32_ETH_SK_ETH795\MainDemo.o
 .debug_pubnames
                0x00000a4d       0x27 Obj-XC32-PIC32_ETH_SK_ETH795\GenericTCPServer.o
 .debug_pubnames
                0x00000a74       0x1f Obj-XC32-PIC32_ETH_SK_ETH795\PingDemo.o
 .debug_pubnames
                0x00000a93       0x6b Obj-XC32-PIC32_ETH_SK_ETH795\ETHPIC32ExtPhySMSC8720.o
 .debug_pubnames
                0x00000afe       0x23 Obj-XC32-PIC32_ETH_SK_ETH795\LEDTCPServer.o
 .debug_pubnames
                0x00000b21       0x24 c:/program files (x86)/microchip/xc32/v1.21/bin/../lib/gcc/pic32mx/4.5.2/../../../../pic32mx/lib/size\libmchp_peripheral.a(read_core_timer_lib.o)
 .debug_pubnames
                0x00000b45       0x80 c:/program files (x86)/microchip/xc32/v1.21/bin/../lib/gcc/pic32mx/4.5.2/../../../../pic32mx/lib/size\libmchp_peripheral_32MX795F512L.a(eth_ack_packet_lib.o)
 .debug_pubnames
                0x00000bc5       0x42 c:/program files (x86)/microchip/xc32/v1.21/bin/../lib/gcc/pic32mx/4.5.2/../../../../pic32mx/lib/size\libmchp_peripheral_32MX795F512L.a(eth_descriptors_add_lib.o)
 .debug_pubnames
                0x00000c07       0x1e c:/program files (x86)/microchip/xc32/v1.21/bin/../lib/gcc/pic32mx/4.5.2/../../../../pic32mx/lib/size\libmchp_peripheral_32MX795F512L.a(eth_init_lib.o)
 .debug_pubnames
                0x00000c25       0x21 c:/program files (x86)/microchip/xc32/v1.21/bin/../lib/gcc/pic32mx/4.5.2/../../../../pic32mx/lib/size\libmchp_peripheral_32MX795F512L.a(eth_mac_open_lib.o)
 .debug_pubnames
                0x00000c46       0x52 c:/program files (x86)/microchip/xc32/v1.21/bin/../lib/gcc/pic32mx/4.5.2/../../../../pic32mx/lib/size\libmchp_peripheral_32MX795F512L.a(eth_mac_set_address_max_lib.o)
 .debug_pubnames
                0x00000c98       0x29 c:/program files (x86)/microchip/xc32/v1.21/bin/../lib/gcc/pic32mx/4.5.2/../../../../pic32mx/lib/size\libmchp_peripheral_32MX795F512L.a(eth_rx_buffers_append_lib.o)
 .debug_pubnames
                0x00000cc1       0x92 c:/program files (x86)/microchip/xc32/v1.21/bin/../lib/gcc/pic32mx/4.5.2/../../../../pic32mx/lib/size\libmchp_peripheral_32MX795F512L.a(eth_rx_filters_lib.o)
 .debug_pubnames
                0x00000d53       0x38 c:/program files (x86)/microchip/xc32/v1.21/bin/../lib/gcc/pic32mx/4.5.2/../../../../pic32mx/lib/size\libmchp_peripheral_32MX795F512L.a(eth_rx_get_packet_lib.o)
 .debug_pubnames
                0x00000d8b       0x29 c:/program files (x86)/microchip/xc32/v1.21/bin/../lib/gcc/pic32mx/4.5.2/../../../../pic32mx/lib/size\libmchp_peripheral_32MX795F512L.a(eth_rx_set_buffer_size_lib.o)
 .debug_pubnames
                0x00000db4       0x66 c:/program files (x86)/microchip/xc32/v1.21/bin/../lib/gcc/pic32mx/4.5.2/../../../../pic32mx/lib/size\libmchp_peripheral_32MX795F512L.a(eth_tx_packet_lib.o)
 .debug_pubnames
                0x00000e1a       0x29 c:/program files (x86)/microchip/xc32/v1.21/bin/../lib/gcc/pic32mx/4.5.2/../../../../pic32mx/lib/size\libmchp_peripheral_32MX795F512L.a(_eth_append_busy_list_lib.o)
 .debug_pubnames
                0x00000e43       0x90 c:/program files (x86)/microchip/xc32/v1.21/bin/../lib/gcc/pic32mx/4.5.2/../../../../pic32mx/lib/size\libmchp_peripheral_32MX795F512L.a(eth_miim_access.o)
 .debug_pubnames
                0x00000ed3       0x3b c:/program files (x86)/microchip/xc32/v1.21/bin/../lib/gcc/pic32mx/4.5.2/../../../../pic32mx/lib/size\libmchp_peripheral_32MX795F512L.a(pcache.o)
 .debug_pubnames
                0x00000f0e       0x2b c:/program files (x86)/microchip/xc32/v1.21/bin/../lib/gcc/pic32mx/4.5.2/../../../../pic32mx/lib/size\libmchp_peripheral_32MX795F512L.a(int_disable_interrupts_lib.o)
 .debug_pubnames
                0x00000f39       0x2b c:/program files (x86)/microchip/xc32/v1.21/bin/../lib/gcc/pic32mx/4.5.2/../../../../pic32mx/lib/size\libmchp_peripheral_32MX795F512L.a(int_restore_interrupts_lib.o)
 .debug_pubnames
                0x00000f64       0x36 c:/program files (x86)/microchip/xc32/v1.21/bin/../lib/gcc/pic32mx/4.5.2/../../../../pic32mx/lib/size\libmchp_peripheral_32MX795F512L.a(int_enable_mv_int_lib.o)
 .debug_pubnames
                0x00000f9a       0xca c:/program files (x86)/microchip/xc32/v1.21/bin/../lib/gcc/pic32mx/4.5.2/../../../../pic32mx/lib/size\libmchp_peripheral_32MX795F512L.a(int_tbl_lib.o)
 .debug_pubnames
                0x00001064       0x2b c:/program files (x86)/microchip/xc32/v1.21/bin/../lib/gcc/pic32mx/4.5.2/../../../../pic32mx/lib/size\libmchp_peripheral_32MX795F512L.a(port_set_pins_digital_in_lib.o)
 .debug_pubnames
                0x0000108f       0x2c c:/program files (x86)/microchip/xc32/v1.21/bin/../lib/gcc/pic32mx/4.5.2/../../../../pic32mx/lib/size\libmchp_peripheral_32MX795F512L.a(port_set_pins_digital_out_lib.o)
 .debug_pubnames
                0x000010bb       0x24 c:/program files (x86)/microchip/xc32/v1.21/bin/../lib/gcc/pic32mx/4.5.2/../../../../pic32mx/lib/size\libmchp_peripheral_32MX795F512L.a(port_clear_bits_lib.o)
 .debug_pubnames
                0x000010df       0x22 c:/program files (x86)/microchip/xc32/v1.21/bin/../lib/gcc/pic32mx/4.5.2/../../../../pic32mx/lib/size\libmchp_peripheral_32MX795F512L.a(port_set_bits_lib.o)
 .debug_pubnames
                0x00001101       0x2a c:/program files (x86)/microchip/xc32/v1.21/bin/../lib/gcc/pic32mx/4.5.2/../../../../pic32mx/lib/size\libmchp_peripheral_32MX795F512L.a(int_enable_interrupts_lib.o)
 .debug_pubnames
                0x0000112b       0x20 c:/program files (x86)/microchip/xc32/v1.21/bin/../lib/gcc/pic32mx/4.5.2/size\libgcc.a(_udivdi3.o)
 .debug_pubnames
                0x0000114b       0x33 c:/program files (x86)/microchip/xc32/v1.21/bin/../lib/gcc/pic32mx/4.5.2/../../../../pic32mx/lib/size\libpic32.a(default-bootstrap-exception-handler.o)
 .debug_pubnames
                0x0000117e       0x20 c:/program files (x86)/microchip/xc32/v1.21/bin/../lib/gcc/pic32mx/4.5.2/../../../../pic32mx/lib/size\libpic32.a(default-on-reset.o)
 .debug_pubnames
                0x0000119e       0x24 c:/program files (x86)/microchip/xc32/v1.21/bin/../lib/gcc/pic32mx/4.5.2/../../../../pic32mx/lib/size\libpic32.a(default-on-bootstrap.o)
 .debug_pubnames
                0x000011c2       0x28 c:/program files (x86)/microchip/xc32/v1.21/bin/../lib/gcc/pic32mx/4.5.2/../../../../pic32mx/lib/size\libpic32.a(defaultinterrupt.o)
 .debug_pubnames
                0x000011ea       0x1d c:/program files (x86)/microchip/xc32/v1.21/bin/../lib/gcc/pic32mx/4.5.2/../../../../pic32mx/lib/size\libc.a(calloc.o)
 .debug_pubnames
                0x00001207       0x32 c:/program files (x86)/microchip/xc32/v1.21/bin/../lib/gcc/pic32mx/4.5.2/../../../../pic32mx/lib/size\libc.a(malloc.o)
 .debug_pubnames
                0x00001239       0x1e c:/program files (x86)/microchip/xc32/v1.21/bin/../lib/gcc/pic32mx/4.5.2/../../../../pic32mx/lib/size\libc.a(strncpy.o)
 .debug_pubnames
                0x00001257       0x5c c:/program files (x86)/microchip/xc32/v1.21/bin/../lib/gcc/pic32mx/4.5.2/../../../../pic32mx/lib/size\libpic32.a(sbrk.o)

.debug_info     0x00000000    0x582f5
 *(.debug_info .gnu.linkonce.wi.*)
 .debug_info    0x00000000     0x1b3d Obj-XC32-PIC32_ETH_SK_ETH795\Announce.o
 .debug_info    0x00001b3d     0x1145 Obj-XC32-PIC32_ETH_SK_ETH795\ARCFOUR.o
 .debug_info    0x00002c82     0x1b6e Obj-XC32-PIC32_ETH_SK_ETH795\ARP.o
 .debug_info    0x000047f0     0x1144 Obj-XC32-PIC32_ETH_SK_ETH795\AutoIP.o
 .debug_info    0x00005934     0x1149 Obj-XC32-PIC32_ETH_SK_ETH795\BerkeleyAPI.o
 .debug_info    0x00006a7d     0x1144 Obj-XC32-PIC32_ETH_SK_ETH795\BigInt.o
 .debug_info    0x00007bc1     0x11d8 Obj-XC32-PIC32_ETH_SK_ETH795\Delay.o
 .debug_info    0x00008d99     0x1142 Obj-XC32-PIC32_ETH_SK_ETH795\DHCP.o
 .debug_info    0x00009edb     0x1d89 Obj-XC32-PIC32_ETH_SK_ETH795\DHCPs.o
 .debug_info    0x0000bc64     0x1141 Obj-XC32-PIC32_ETH_SK_ETH795\DNS.o
 .debug_info    0x0000cda5     0x1142 Obj-XC32-PIC32_ETH_SK_ETH795\DNSs.o
 .debug_info    0x0000dee7     0x1144 Obj-XC32-PIC32_ETH_SK_ETH795\DynDNS.o
 .debug_info    0x0000f02b     0x1146 Obj-XC32-PIC32_ETH_SK_ETH795\ENC28J60.o
 .debug_info    0x00010171     0x1148 Obj-XC32-PIC32_ETH_SK_ETH795\ENCX24J600.o
 .debug_info    0x000112b9     0x2706 Obj-XC32-PIC32_ETH_SK_ETH795\ETHPIC32ExtPhy.o
 .debug_info    0x000139bf     0x2cf8 Obj-XC32-PIC32_ETH_SK_ETH795\ETHPIC32IntMac.o
 .debug_info    0x000166b7     0x1148 Obj-XC32-PIC32_ETH_SK_ETH795\FileSystem.o
 .debug_info    0x000177ff     0x1141 Obj-XC32-PIC32_ETH_SK_ETH795\FTP.o
 .debug_info    0x00018940     0x1144 Obj-XC32-PIC32_ETH_SK_ETH795\Hashes.o
 .debug_info    0x00019a84     0x2488 Obj-XC32-PIC32_ETH_SK_ETH795\Helpers.o
 .debug_info    0x0001bf0c     0x1143 Obj-XC32-PIC32_ETH_SK_ETH795\HTTP2.o
 .debug_info    0x0001d04f     0x1a95 Obj-XC32-PIC32_ETH_SK_ETH795\ICMP.o
 .debug_info    0x0001eae4     0x1b20 Obj-XC32-PIC32_ETH_SK_ETH795\IP.o
 .debug_info    0x00020604     0x1149 Obj-XC32-PIC32_ETH_SK_ETH795\LCDBlocking.o
 .debug_info    0x0002174d     0x1143 Obj-XC32-PIC32_ETH_SK_ETH795\MPFS2.o
 .debug_info    0x00022890     0x1142 Obj-XC32-PIC32_ETH_SK_ETH795\NBNS.o
 .debug_info    0x000239d2     0x1144 Obj-XC32-PIC32_ETH_SK_ETH795\Random.o
 .debug_info    0x00024b16     0x1144 Obj-XC32-PIC32_ETH_SK_ETH795\Reboot.o
 .debug_info    0x00025c5a     0x1141 Obj-XC32-PIC32_ETH_SK_ETH795\RSA.o
 .debug_info    0x00026d9b     0x1142 Obj-XC32-PIC32_ETH_SK_ETH795\SMTP.o
 .debug_info    0x00027edd     0x1142 Obj-XC32-PIC32_ETH_SK_ETH795\SNMP.o
 .debug_info    0x0002901f     0x1144 Obj-XC32-PIC32_ETH_SK_ETH795\SNMPv3.o
 .debug_info    0x0002a163     0x1147 Obj-XC32-PIC32_ETH_SK_ETH795\SNMPv3USM.o
 .debug_info    0x0002b2aa     0x1142 Obj-XC32-PIC32_ETH_SK_ETH795\SNTP.o
 .debug_info    0x0002c3ec     0x1147 Obj-XC32-PIC32_ETH_SK_ETH795\SPIEEPROM.o
 .debug_info    0x0002d533     0x1146 Obj-XC32-PIC32_ETH_SK_ETH795\SPIFlash.o
 .debug_info    0x0002e679     0x1144 Obj-XC32-PIC32_ETH_SK_ETH795\SPIRAM.o
 .debug_info    0x0002f7bd     0x1141 Obj-XC32-PIC32_ETH_SK_ETH795\SSL.o
 .debug_info    0x000308fe     0x19eb Obj-XC32-PIC32_ETH_SK_ETH795\StackTsk.o
 .debug_info    0x000322e9     0x31b8 Obj-XC32-PIC32_ETH_SK_ETH795\TCP.o
 .debug_info    0x000354a1     0x1150 Obj-XC32-PIC32_ETH_SK_ETH795\TCPPerformanceTest.o
 .debug_info    0x000365f1     0x18a6 Obj-XC32-PIC32_ETH_SK_ETH795\Telnet.o
 .debug_info    0x00037e97     0x1143 Obj-XC32-PIC32_ETH_SK_ETH795\TFTPc.o
 .debug_info    0x00038fda     0x1acc Obj-XC32-PIC32_ETH_SK_ETH795\Tick.o
 .debug_info    0x0003aaa6     0x114c Obj-XC32-PIC32_ETH_SK_ETH795\UART2TCPBridge.o
 .debug_info    0x0003bbf2     0x1142 Obj-XC32-PIC32_ETH_SK_ETH795\UART.o
 .debug_info    0x0003cd34     0x21ca Obj-XC32-PIC32_ETH_SK_ETH795\UDP.o
 .debug_info    0x0003eefe     0x1150 Obj-XC32-PIC32_ETH_SK_ETH795\UDPPerformanceTest.o
 .debug_info    0x0004004e     0x114c Obj-XC32-PIC32_ETH_SK_ETH795\ZeroconfHelper.o
 .debug_info    0x0004119a     0x114f Obj-XC32-PIC32_ETH_SK_ETH795\ZeroconfLinkLocal.o
 .debug_info    0x000422e9     0x1152 Obj-XC32-PIC32_ETH_SK_ETH795\ZeroconfMulticastDNS.o
 .debug_info    0x0004343b     0x112f Obj-XC32-PIC32_ETH_SK_ETH795\CustomHTTPApp.o
 .debug_info    0x0004456a     0x112f Obj-XC32-PIC32_ETH_SK_ETH795\CustomSNMPApp.o
 .debug_info    0x00045699     0x112f Obj-XC32-PIC32_ETH_SK_ETH795\CustomSSLCert.o
 .debug_info    0x000467c8     0x2715 Obj-XC32-PIC32_ETH_SK_ETH795\MainDemo.o
 .debug_info    0x00048edd     0x1137 Obj-XC32-PIC32_ETH_SK_ETH795\BerkeleyTCPClientDemo.o
 .debug_info    0x0004a014     0x1137 Obj-XC32-PIC32_ETH_SK_ETH795\BerkeleyTCPServerDemo.o
 .debug_info    0x0004b14b     0x1137 Obj-XC32-PIC32_ETH_SK_ETH795\BerkeleyUDPClientDemo.o
 .debug_info    0x0004c282     0x1132 Obj-XC32-PIC32_ETH_SK_ETH795\GenericTCPClient.o
 .debug_info    0x0004d3b4     0x1279 Obj-XC32-PIC32_ETH_SK_ETH795\GenericTCPServer.o
 .debug_info    0x0004e62d     0x19ee Obj-XC32-PIC32_ETH_SK_ETH795\PingDemo.o
 .debug_info    0x0005001b     0x112a Obj-XC32-PIC32_ETH_SK_ETH795\SMTPDemo.o
 .debug_info    0x00051145     0x112c Obj-XC32-PIC32_ETH_SK_ETH795\UARTConfig.o
 .debug_info    0x00052271     0x112a Obj-XC32-PIC32_ETH_SK_ETH795\MPFSImg2.o
 .debug_info    0x0005339b     0x1620 Obj-XC32-PIC32_ETH_SK_ETH795\ETHPIC32ExtPhySMSC8720.o
 .debug_info    0x000549bb     0x1699 Obj-XC32-PIC32_ETH_SK_ETH795\LEDTCPServer.o
 .debug_info    0x00056054       0xaa c:/program files (x86)/microchip/xc32/v1.21/bin/../lib/gcc/pic32mx/4.5.2/../../../../pic32mx/lib/size\libmchp_peripheral.a(read_core_timer_lib.o)
 .debug_info    0x000560fe      0x16b c:/program files (x86)/microchip/xc32/v1.21/bin/../lib/gcc/pic32mx/4.5.2/../../../../pic32mx/lib/size\libmchp_peripheral_32MX795F512L.a(eth_ack_packet_lib.o)
 .debug_info    0x00056269       0xf2 c:/program files (x86)/microchip/xc32/v1.21/bin/../lib/gcc/pic32mx/4.5.2/../../../../pic32mx/lib/size\libmchp_peripheral_32MX795F512L.a(eth_descriptors_add_lib.o)
 .debug_info    0x0005635b       0xbe c:/program files (x86)/microchip/xc32/v1.21/bin/../lib/gcc/pic32mx/4.5.2/../../../../pic32mx/lib/size\libmchp_peripheral_32MX795F512L.a(eth_init_lib.o)
 .debug_info    0x00056419       0xa2 c:/program files (x86)/microchip/xc32/v1.21/bin/../lib/gcc/pic32mx/4.5.2/../../../../pic32mx/lib/size\libmchp_peripheral_32MX795F512L.a(eth_mac_open_lib.o)
 .debug_info    0x000564bb       0xf2 c:/program files (x86)/microchip/xc32/v1.21/bin/../lib/gcc/pic32mx/4.5.2/../../../../pic32mx/lib/size\libmchp_peripheral_32MX795F512L.a(eth_mac_set_address_max_lib.o)
 .debug_info    0x000565ad       0xe6 c:/program files (x86)/microchip/xc32/v1.21/bin/../lib/gcc/pic32mx/4.5.2/../../../../pic32mx/lib/size\libmchp_peripheral_32MX795F512L.a(eth_rx_buffers_append_lib.o)
 .debug_info    0x00056693      0x147 c:/program files (x86)/microchip/xc32/v1.21/bin/../lib/gcc/pic32mx/4.5.2/../../../../pic32mx/lib/size\libmchp_peripheral_32MX795F512L.a(eth_rx_filters_lib.o)
 .debug_info    0x000567da       0xc8 c:/program files (x86)/microchip/xc32/v1.21/bin/../lib/gcc/pic32mx/4.5.2/../../../../pic32mx/lib/size\libmchp_peripheral_32MX795F512L.a(eth_rx_get_packet_lib.o)
 .debug_info    0x000568a2       0xb4 c:/program files (x86)/microchip/xc32/v1.21/bin/../lib/gcc/pic32mx/4.5.2/../../../../pic32mx/lib/size\libmchp_peripheral_32MX795F512L.a(eth_rx_set_buffer_size_lib.o)
 .debug_info    0x00056956      0x176 c:/program files (x86)/microchip/xc32/v1.21/bin/../lib/gcc/pic32mx/4.5.2/../../../../pic32mx/lib/size\libmchp_peripheral_32MX795F512L.a(eth_tx_packet_lib.o)
 .debug_info    0x00056acc       0xd4 c:/program files (x86)/microchip/xc32/v1.21/bin/../lib/gcc/pic32mx/4.5.2/../../../../pic32mx/lib/size\libmchp_peripheral_32MX795F512L.a(_eth_append_busy_list_lib.o)